<html>
<body>
<pre>
<h1>礦ision Build Log</h1>
<h2>Tool Versions:</h2>
IDE-Version: μVision V5.24.2.0
Copyright (C) 2017 ARM Ltd and ARM Germany GmbH. All rights reserved.
License Information: h 微软用户, 微软中国, LIC=HF8NN-Y664A-15UTV-PFS5I-IEFBG-KTH7Z
 
Tool Versions:
Toolchain:       MDK-ARM Professional  Version: 5.24.1
Toolchain Path:  D:\Program Files\keil\ARM\ARMCC\Bin
C Compiler:      Armcc.exe V5.06 update 5 (build 528)
Assembler:       Armasm.exe V5.06 update 5 (build 528)
Linker/Locator:  ArmLink.exe V5.06 update 5 (build 528)
Library Manager: ArmAr.exe V5.06 update 5 (build 528)
Hex Converter:   FromElf.exe V5.06 update 5 (build 528)
CPU DLL:         SARMCM3.DLL V5.24.1
Dialog DLL:      DCM.DLL V1.16.0.0
Target DLL:      UL2CM3.DLL V1.160.3.0
Dialog DLL:      TCM.DLL V1.32.0.0
 
<h2>Project:</h2>
F:\OpenSource\bsp_stm32\stm32f407_bd1\project.uvprojx
Project File Date:  04/16/2018

<h2>Output:</h2>
*** Using Compiler 'V5.06 update 5 (build 528)', folder: 'D:\Program Files\keil\ARM\ARMCC\Bin'
Build target 'rt-thread_stm32f4xx'
compiling serial.c...
..\..\rt-thread_stdio\components\drivers\tty\serial.c(206): warning:  #177-D: variable "spaces"  was declared but never referenced
      int	spaces;
..\..\rt-thread_stdio\components\drivers\tty\serial.c: 1 warning, 0 errors
linking...
Program Size: Code=135056 RO-data=7300 RW-data=848 ZI-data=57784  
After Build - User command #1: fromelf --bin .\build\rtthread-stm32f4xx.axf --output rtthread.bin
".\build\rtthread-stm32f4xx.axf" - 0 Error(s), 1 Warning(s).

<h2>Software Packages used:</h2>

Package Vendor: Keil
                http://www.keil.com/pack/Keil.STM32F4xx_DFP.2.13.0.pack
                Keil.STM32F4xx_DFP.2.13.0
                STMicroelectronics STM32F4 Series Device Support, Drivers and Examples

<h2>Collection of Component include folders:</h2>
  .\RTE\_rt-thread_stm32f4xx
  D:\Program Files\keil\Keil\STM32F4xx_DFP\2.13.0\Drivers\CMSIS\Device\ST\STM32F4xx\Include

<h2>Collection of Component Files used:</h2>
Build Time Elapsed:  00:00:03
</pre>
</body>
</html>
