Component: ARM Compiler 5.06 update 5 (build 528) Tool: armlink [4d35e2]

==============================================================================

Section Cross References

    system_stm32f4xx.o(.text) refers to system_stm32f4xx.o(.data) for SystemCoreClock
    misc.o(.text) refers to startup.o(.text) for assert_failed
    stm32f4xx_adc.o(.text) refers to stm32f4xx_rcc.o(.text) for RCC_APB2PeriphResetCmd
    stm32f4xx_adc.o(.text) refers to startup.o(.text) for assert_failed
    stm32f4xx_can.o(.text) refers to startup.o(.text) for assert_failed
    stm32f4xx_can.o(.text) refers to stm32f4xx_rcc.o(.text) for RCC_APB1PeriphResetCmd
    stm32f4xx_cryp.o(.text) refers to stm32f4xx_rcc.o(.text) for RCC_AHB2PeriphResetCmd
    stm32f4xx_cryp.o(.text) refers to startup.o(.text) for assert_failed
    stm32f4xx_cryp_aes.o(.text) refers to stm32f4xx_cryp.o(.text) for CRYP_KeyStructInit
    stm32f4xx_cryp_des.o(.text) refers to stm32f4xx_cryp.o(.text) for CRYP_KeyStructInit
    stm32f4xx_cryp_tdes.o(.text) refers to stm32f4xx_cryp.o(.text) for CRYP_KeyStructInit
    stm32f4xx_dac.o(.text) refers to stm32f4xx_rcc.o(.text) for RCC_APB1PeriphResetCmd
    stm32f4xx_dac.o(.text) refers to startup.o(.text) for assert_failed
    stm32f4xx_dbgmcu.o(.text) refers to startup.o(.text) for assert_failed
    stm32f4xx_dcmi.o(.text) refers to startup.o(.text) for assert_failed
    stm32f4xx_dma.o(.text) refers to startup.o(.text) for assert_failed
    stm32f4xx_exti.o(.text) refers to startup.o(.text) for assert_failed
    stm32f4xx_flash.o(.text) refers to startup.o(.text) for assert_failed
    stm32f4xx_fsmc.o(.text) refers to startup.o(.text) for assert_failed
    stm32f4xx_gpio.o(.text) refers to startup.o(.text) for assert_failed
    stm32f4xx_gpio.o(.text) refers to stm32f4xx_rcc.o(.text) for RCC_AHB1PeriphResetCmd
    stm32f4xx_hash.o(.text) refers to stm32f4xx_rcc.o(.text) for RCC_AHB2PeriphResetCmd
    stm32f4xx_hash.o(.text) refers to startup.o(.text) for assert_failed
    stm32f4xx_hash_md5.o(.text) refers to stm32f4xx_hash.o(.text) for HASH_DeInit
    stm32f4xx_hash_sha1.o(.text) refers to stm32f4xx_hash.o(.text) for HASH_DeInit
    stm32f4xx_i2c.o(.text) refers to startup.o(.text) for assert_failed
    stm32f4xx_i2c.o(.text) refers to stm32f4xx_rcc.o(.text) for RCC_APB1PeriphResetCmd
    stm32f4xx_iwdg.o(.text) refers to startup.o(.text) for assert_failed
    stm32f4xx_pwr.o(.text) refers to stm32f4xx_rcc.o(.text) for RCC_APB1PeriphResetCmd
    stm32f4xx_pwr.o(.text) refers to startup.o(.text) for assert_failed
    stm32f4xx_rcc.o(.text) refers to startup.o(.text) for assert_failed
    stm32f4xx_rcc.o(.text) refers to stm32f4xx_rcc.o(.data) for APBAHBPrescTable
    stm32f4xx_rng.o(.text) refers to stm32f4xx_rcc.o(.text) for RCC_AHB2PeriphResetCmd
    stm32f4xx_rng.o(.text) refers to startup.o(.text) for assert_failed
    stm32f4xx_rtc.o(.text) refers to startup.o(.text) for assert_failed
    stm32f4xx_sdio.o(.text) refers to stm32f4xx_rcc.o(.text) for RCC_APB2PeriphResetCmd
    stm32f4xx_sdio.o(.text) refers to startup.o(.text) for assert_failed
    stm32f4xx_spi.o(.text) refers to startup.o(.text) for assert_failed
    stm32f4xx_spi.o(.text) refers to stm32f4xx_rcc.o(.text) for RCC_APB2PeriphResetCmd
    stm32f4xx_syscfg.o(.text) refers to stm32f4xx_rcc.o(.text) for RCC_APB2PeriphResetCmd
    stm32f4xx_syscfg.o(.text) refers to startup.o(.text) for assert_failed
    stm32f4xx_tim.o(.text) refers to startup.o(.text) for assert_failed
    stm32f4xx_tim.o(.text) refers to stm32f4xx_rcc.o(.text) for RCC_APB2PeriphResetCmd
    stm32f4xx_usart.o(.text) refers to startup.o(.text) for assert_failed
    stm32f4xx_usart.o(.text) refers to stm32f4xx_rcc.o(.text) for RCC_APB2PeriphResetCmd
    stm32f4xx_wwdg.o(.text) refers to stm32f4xx_rcc.o(.text) for RCC_APB1PeriphResetCmd
    stm32f4xx_wwdg.o(.text) refers to startup.o(.text) for assert_failed
    startup_stm32f4xx.o(STACK) refers (Special) to heapauxi.o(.text) for __use_two_region_memory
    startup_stm32f4xx.o(HEAP) refers (Special) to heapauxi.o(.text) for __use_two_region_memory
    startup_stm32f4xx.o(RESET) refers (Special) to heapauxi.o(.text) for __use_two_region_memory
    startup_stm32f4xx.o(RESET) refers to startup_stm32f4xx.o(STACK) for __initial_sp
    startup_stm32f4xx.o(RESET) refers to startup_stm32f4xx.o(.text) for Reset_Handler
    startup_stm32f4xx.o(RESET) refers to stm32f4xx_it.o(.text) for NMI_Handler
    startup_stm32f4xx.o(RESET) refers to context_rvds.o(.text) for HardFault_Handler
    startup_stm32f4xx.o(RESET) refers to board.o(.text) for SysTick_Handler
    startup_stm32f4xx.o(RESET) refers to usart.o(.text) for DMA1_Stream0_IRQHandler
    startup_stm32f4xx.o(RESET) refers to stm32f4xx_eth.o(.text) for ETH_IRQHandler
    startup_stm32f4xx.o(.text) refers (Special) to heapauxi.o(.text) for __use_two_region_memory
[...]
    netif_set_up                             0x08016ed3   Thumb Code    44  netif.o(.text)
    netif_set_link_up                        0x08016eff   Thumb Code    44  netif.o(.text)
    netif_set_link_down                      0x08016f2b   Thumb Code    24  netif.o(.text)
    pbuf_free                                0x08016fe5   Thumb Code   208  pbuf.o(.text)
    pbuf_alloc                               0x080170b5   Thumb Code  1162  pbuf.o(.text)
    pbuf_realloc                             0x0801753f   Thumb Code   268  pbuf.o(.text)
    pbuf_header                              0x0801772d   Thumb Code    18  pbuf.o(.text)
    pbuf_header_force                        0x0801773f   Thumb Code    18  pbuf.o(.text)
    pbuf_clen                                0x08017751   Thumb Code    18  pbuf.o(.text)
    pbuf_ref                                 0x08017763   Thumb Code    60  pbuf.o(.text)
    pbuf_cat                                 0x0801779f   Thumb Code   138  pbuf.o(.text)
    pbuf_chain                               0x08017829   Thumb Code    22  pbuf.o(.text)
    pbuf_dechain                             0x0801783f   Thumb Code   122  pbuf.o(.text)
    pbuf_copy                                0x080178b9   Thumb Code   766  pbuf.o(.text)
    pbuf_copy_partial                        0x08017bb7   Thumb Code   190  pbuf.o(.text)
    pbuf_skip                                0x08017c97   Thumb Code    28  pbuf.o(.text)
    pbuf_take                                0x08017cb3   Thumb Code   260  pbuf.o(.text)
    pbuf_take_at                             0x08017db7   Thumb Code   118  pbuf.o(.text)
    pbuf_coalesce                            0x08017e2d   Thumb Code    84  pbuf.o(.text)
    pbuf_try_get_at                          0x08017e81   Thumb Code    46  pbuf.o(.text)
    pbuf_get_at                              0x08017eaf   Thumb Code   362  pbuf.o(.text)
    pbuf_put_at                              0x08018019   Thumb Code    42  pbuf.o(.text)
    pbuf_memcmp                              0x08018043   Thumb Code    98  pbuf.o(.text)
    pbuf_memfind                             0x080180a5   Thumb Code    72  pbuf.o(.text)
    pbuf_strstr                              0x080180ed   Thumb Code    60  pbuf.o(.text)
    tcp_init                                 0x08018129   Thumb Code     2  tcp.o(.text)
    tcp_seg_free                             0x0801812b   Thumb Code    26  tcp.o(.text)
    tcp_segs_free                            0x08018145   Thumb Code    24  tcp.o(.text)
    tcp_pcb_purge                            0x0801815d   Thumb Code    72  tcp.o(.text)
    tcp_slowtmr                              0x080181a5   Thumb Code  1412  tcp.o(.text)
    tcp_pcb_remove                           0x080187a9   Thumb Code   202  tcp.o(.text)
    tcp_close                                0x08018a4b   Thumb Code   330  tcp.o(.text)
    tcp_update_rcv_ann_wnd                   0x08018b95   Thumb Code   106  tcp.o(.text)
    tcp_recved                               0x08018bff   Thumb Code   146  tcp.o(.text)
    tcp_recv_null                            0x08018c91   Thumb Code    46  tcp.o(.text)
    tcp_process_refused_data                 0x08018cbf   Thumb Code   148  tcp.o(.text)
    tcp_fasttmr                              0x08018d53   Thumb Code   130  tcp.o(.text)
    tcp_tmr                                  0x08018dd5   Thumb Code    30  tcp.o(.text)
    tcp_shutdown                             0x08018df3   Thumb Code    98  tcp.o(.text)
    tcp_abandon                              0x08018e55   Thumb Code   258  tcp.o(.text)
    tcp_abort                                0x08018f57   Thumb Code    14  tcp.o(.text)
    tcp_bind                                 0x08019081   Thumb Code   184  tcp.o(.text)
    tcp_listen_with_backlog_and_err          0x0801914d   Thumb Code   224  tcp.o(.text)
    tcp_listen_with_backlog                  0x0801922d   Thumb Code    18  tcp.o(.text)
    tcp_eff_send_mss_impl                    0x0801923f   Thumb Code    58  tcp.o(.text)
    tcp_next_iss                             0x08019279   Thumb Code    22  tcp.o(.text)
    tcp_connect                              0x0801928f   Thumb Code   340  tcp.o(.text)
    tcp_txnow                                0x080193e3   Thumb Code    30  tcp.o(.text)
    tcp_setprio                              0x08019401   Thumb Code     4  tcp.o(.text)
    tcp_seg_copy                             0x08019405   Thumb Code    44  tcp.o(.text)
    tcp_alloc                                0x080195b5   Thumb Code   212  tcp.o(.text)
    tcp_new                                  0x08019689   Thumb Code    10  tcp.o(.text)
    tcp_new_ip_type                          0x08019693   Thumb Code    16  tcp.o(.text)
    tcp_arg                                  0x080196a3   Thumb Code     6  tcp.o(.text)
    tcp_recv                                 0x080196a9   Thumb Code    46  tcp.o(.text)
    tcp_sent                                 0x080196d7   Thumb Code    44  tcp.o(.text)
    tcp_err                                  0x08019703   Thumb Code    46  tcp.o(.text)
    tcp_accept                               0x08019731   Thumb Code    16  tcp.o(.text)
    tcp_poll                                 0x08019741   Thumb Code    46  tcp.o(.text)
    tcp_netif_ip_addr_changed                0x08019799   Thumb Code    70  tcp.o(.text)
    tcp_debug_state_str                      0x080197df   Thumb Code    10  tcp.o(.text)
    tcp_input                                0x0801af49   Thumb Code  1876  tcp_in.o(.text)
    tcp_trigger_input_pcb_close              0x0801b69d   Thumb Code    14  tcp_in.o(.text)
    tcp_enqueue_flags                        0x0801b873   Thumb Code   404  tcp_out.o(.text)
    tcp_send_fin                             0x0801ba07   Thumb Code    74  tcp_out.o(.text)
    tcp_write                                0x0801bc99   Thumb Code  1876  tcp_out.o(.text)
    tcp_send_empty_ack                       0x0801c3ed   Thumb Code   118  tcp_out.o(.text)
    tcp_output                               0x0801c523   Thumb Code   862  tcp_out.o(.text)
    tcp_rst                                  0x0801c881   Thumb Code   162  tcp_out.o(.text)
    tcp_rexmit_rto                           0x0801c923   Thumb Code    66  tcp_out.o(.text)
    tcp_rexmit                               0x0801c965   Thumb Code    98  tcp_out.o(.text)
    tcp_rexmit_fast                          0x0801c9c7   Thumb Code   110  tcp_out.o(.text)
    tcp_keepalive                            0x0801ca35   Thumb Code    90  tcp_out.o(.text)
    tcp_zero_window_probe                    0x0801ca8f   Thumb Code   250  tcp_out.o(.text)
    sys_timeout                              0x0801cb89   Thumb Code   230  timeouts.o(.text)
    tcp_timer_needed                         0x0801cc97   Thumb Code    38  timeouts.o(.text)
    sys_timeouts_init                        0x0801ccd3   Thumb Code    38  timeouts.o(.text)
    sys_untimeout                            0x0801ccf9   Thumb Code    90  timeouts.o(.text)
    sys_restart_timeouts                     0x0801cdc3   Thumb Code    12  timeouts.o(.text)
    sys_timeouts_mbox_fetch                  0x0801cdff   Thumb Code    58  timeouts.o(.text)
    udp_init                                 0x0801cea1   Thumb Code     2  udp.o(.text)
    udp_input                                0x0801cf35   Thumb Code   328  udp.o(.text)
    udp_bind                                 0x0801d07d   Thumb Code   138  udp.o(.text)
    udp_sendto_if_src                        0x0801d107   Thumb Code   216  udp.o(.text)
    udp_sendto_if                            0x0801d1df   Thumb Code    82  udp.o(.text)
    udp_sendto                               0x0801d231   Thumb Code    60  udp.o(.text)
    udp_send                                 0x0801d26d   Thumb Code   180  udp.o(.text)
    udp_connect                              0x0801d321   Thumb Code   104  udp.o(.text)
    udp_disconnect                           0x0801d389   Thumb Code    16  udp.o(.text)
    udp_recv                                 0x0801d399   Thumb Code     6  udp.o(.text)
    udp_remove                               0x0801d39f   Thumb Code    64  udp.o(.text)
    udp_new                                  0x0801d3df   Thumb Code    36  udp.o(.text)
    udp_new_ip_type                          0x0801d403   Thumb Code    14  udp.o(.text)
    udp_netif_ip_addr_changed                0x0801d411   Thumb Code    42  udp.o(.text)
    ethernet_input                           0x0801d441   Thumb Code   196  ethernet.o(.text)
    ethernet_output                          0x0801d505   Thumb Code   114  ethernet.o(.text)
    eth_device_init_with_flag                0x0801d633   Thumb Code   188  ethernetif.o(.text)
    eth_device_init                          0x0801d6ef   Thumb Code    20  ethernetif.o(.text)
    eth_device_ready                         0x0801d703   Thumb Code    22  ethernetif.o(.text)
    eth_device_linkchange                    0x0801d719   Thumb Code    64  ethernetif.o(.text)
    eth_system_device_init                   0x0801d84f   Thumb Code   206  ethernetif.o(.text)
    set_if                                   0x0801d91d   Thumb Code   524  ethernetif.o(.text)
    set_dns                                  0x0801db29   Thumb Code    26  ethernetif.o(.text)
    list_if                                  0x0801db43   Thumb Code   288  ethernetif.o(.text)
    list_tcps                                0x0801dc63   Thumb Code   260  ethernetif.o(.text)
    etharp_request                           0x0801e087   Thumb Code    18  etharp.o(.text)
    etharp_tmr                               0x0801e099   Thumb Code   216  etharp.o(.text)
    etharp_cleanup_netif                     0x0801e529   Thumb Code    52  etharp.o(.text)
    etharp_find_addr                         0x0801e55d   Thumb Code   108  etharp.o(.text)
    etharp_get_entry                         0x0801e5c9   Thumb Code   158  etharp.o(.text)
    etharp_input                             0x0801e667   Thumb Code   204  etharp.o(.text)
    etharp_query                             0x0801e8ef   Thumb Code   592  etharp.o(.text)
    etharp_output                            0x0801eb3f   Thumb Code   458  etharp.o(.text)
    icmp_input                               0x0801ed09   Thumb Code   462  icmp.o(.text)
    icmp_dest_unreach                        0x0801ef6f   Thumb Code    18  icmp.o(.text)
    ip4_route                                0x0801f021   Thumb Code   134  ip4.o(.text)
    ip4_input                                0x0801f0a7   Thumb Code   448  ip4.o(.text)
    ip4_output_if_src                        0x0801f267   Thumb Code   218  ip4.o(.text)
    ip4_output_if                            0x0801f341   Thumb Code    54  ip4.o(.text)
    ip4_output                               0x0801f377   Thumb Code    82  ip4.o(.text)
    ip4_addr_isbroadcast_u32                 0x0801f41d   Thumb Code    78  ip4_addr.o(.text)
    ip4_addr_netmask_valid                   0x0801f46b   Thumb Code    56  ip4_addr.o(.text)
    ip4addr_aton                             0x0801f4a3   Thumb Code   416  ip4_addr.o(.text)
    ipaddr_addr                              0x0801f643   Thumb Code    24  ip4_addr.o(.text)
    ip4addr_ntoa_r                           0x0801f65b   Thumb Code   168  ip4_addr.o(.text)
    ip4addr_ntoa                             0x0801f703   Thumb Code    16  ip4_addr.o(.text)
    __semihosting$guard                      0x0801f729   Thumb Code     0  use_no_semi.o(.text)
    __use_no_semihosting_swi                 0x0801f729   Thumb Code     2  use_no_semi.o(.text)
    __use_no_heap                            0x0801f72b   Thumb Code     2  hguard.o(.text)
    __I$use$heap                             0x0801f72d   Thumb Code     2  hguard.o(.text)
    __2printf                                0x0801f731   Thumb Code    20  noretval__2printf.o(.text)
    _printf_pre_padding                      0x0801f749   Thumb Code    44  _printf_pad.o(.text)
    _printf_post_padding                     0x0801f775   Thumb Code    34  _printf_pad.o(.text)
    _printf_str                              0x0801f797   Thumb Code    82  _printf_str.o(.text)
    _printf_int_dec                          0x0801f7e9   Thumb Code   104  _printf_dec.o(.text)
    _printf_int_hex                          0x0801f861   Thumb Code    84  _printf_hex_int.o(.text)
    _printf_longlong_hex                     0x0801f861   Thumb Code     0  _printf_hex_int.o(.text)
    __printf                                 0x0801f8b9   Thumb Code   308  __printf_flags_wp.o(.text)
    atoi                                     0x0801f9f1   Thumb Code    26  atoi.o(.text)
    getc                                     0x0801fa0b   Thumb Code     4  getc.o(.text)
    putc                                     0x0801fa0f   Thumb Code     4  putc.o(.text)
    srand                                    0x0801fa15   Thumb Code    42  rand.o(.text)
    _rand_init                               0x0801fa3f   Thumb Code     4  rand.o(.text)
    memcmp                                   0x0801fa51   Thumb Code    88  memcmp.o(.text)
    strcpy                                   0x0801faa9   Thumb Code    72  strcpy.o(.text)
    strlen                                   0x0801faf1   Thumb Code    62  strlen.o(.text)
    strncmp                                  0x0801fb2f   Thumb Code   150  strncmp.o(.text)
    strcat                                   0x0801fbc5   Thumb Code    24  strcat.o(.text)
    __aeabi_memcpy                           0x0801fbdd   Thumb Code     0  rt_memcpy_v6.o(.text)
    __rt_memcpy                              0x0801fbdd   Thumb Code   138  rt_memcpy_v6.o(.text)
    _memcpy_lastbytes                        0x0801fc43   Thumb Code     0  rt_memcpy_v6.o(.text)
    __aeabi_memcpy4                          0x0801fc67   Thumb Code     0  rt_memcpy_w.o(.text)
    __aeabi_memcpy8                          0x0801fc67   Thumb Code     0  rt_memcpy_w.o(.text)
    __rt_memcpy_w                            0x0801fc67   Thumb Code   100  rt_memcpy_w.o(.text)
    _memcpy_lastbytes_aligned                0x0801fcaf   Thumb Code     0  rt_memcpy_w.o(.text)
    __aeabi_memset                           0x0801fccb   Thumb Code    16  aeabi_memset.o(.text)
    __aeabi_memclr                           0x0801fcdb   Thumb Code     0  rt_memclr.o(.text)
    __rt_memclr                              0x0801fcdb   Thumb Code    68  rt_memclr.o(.text)
    _memset                                  0x0801fcdf   Thumb Code     0  rt_memclr.o(.text)
    __aeabi_memclr4                          0x0801fd1f   Thumb Code     0  rt_memclr_w.o(.text)
    __aeabi_memclr8                          0x0801fd1f   Thumb Code     0  rt_memclr_w.o(.text)
    __rt_memclr_w                            0x0801fd1f   Thumb Code    78  rt_memclr_w.o(.text)
    _memset_w                                0x0801fd23   Thumb Code     0  rt_memclr_w.o(.text)
    strncpy                                  0x0801fd6d   Thumb Code    86  strncpy.o(.text)
    strcmp                                   0x0801fdc5   Thumb Code   128  strcmpv7m.o(.text)
    __use_two_region_memory                  0x0801fe45   Thumb Code     2  heapauxi.o(.text)
    __rt_heap_escrow$2region                 0x0801fe47   Thumb Code     2  heapauxi.o(.text)
    __rt_heap_expand$2region                 0x0801fe49   Thumb Code     2  heapauxi.o(.text)
    __aeabi_errno_addr                       0x0801fe4d   Thumb Code     8  rt_errno_addr_intlibspace.o(.text)
    __errno$intlibspace                      0x0801fe4d   Thumb Code     0  rt_errno_addr_intlibspace.o(.text)
    __rt_errno_addr$intlibspace              0x0801fe4d   Thumb Code     0  rt_errno_addr_intlibspace.o(.text)
    _printf_int_common                       0x0801fe55   Thumb Code   178  _printf_intcommon.o(.text)
    _printf_cs_common                        0x0801ff07   Thumb Code    20  _printf_char.o(.text)
    _printf_char                             0x0801ff1b   Thumb Code    16  _printf_char.o(.text)
    _printf_string                           0x0801ff2b   Thumb Code     8  _printf_char.o(.text)
    _printf_char_file                        0x0801ff35   Thumb Code    32  _printf_char_file.o(.text)
    strtol                                   0x0801ff59   Thumb Code   112  strtol.o(.text)
    _initio                                  0x0801ffc9   Thumb Code   210  initio.o(.text)
    _terminateio                             0x0802009b   Thumb Code    56  initio.o(.text)
    __user_libspace                          0x08020101   Thumb Code     8  libspace.o(.text)
    __user_perproc_libspace                  0x08020101   Thumb Code     0  libspace.o(.text)
    __user_perthread_libspace                0x08020101   Thumb Code     0  libspace.o(.text)
    __rt_ctype_table                         0x08020109   Thumb Code    16  rt_ctype_table.o(.text)
    _printf_char_common                      0x08020123   Thumb Code    32  _printf_char_common.o(.text)
    _strtoul                                 0x08020149   Thumb Code   158  _strtoul.o(.text)
    ferror                                   0x080201e7   Thumb Code     8  ferror.o(.text)
    _readbuf                                 0x080201ef   Thumb Code    54  filbuf.o(.text)
    _seteof                                  0x08020225   Thumb Code    40  filbuf.o(.text)
    __filbuf                                 0x0802024d   Thumb Code   476  filbuf.o(.text)
    __filbuf_byte                            0x0802024d   Thumb Code     0  filbuf.o(.text)
    __filbuf_wide                            0x0802024d   Thumb Code     0  filbuf.o(.text)
    __flsbuf                                 0x08020429   Thumb Code   470  flsbuf.o(.text)
    __flsbuf_byte                            0x08020429   Thumb Code     0  flsbuf.o(.text)
    __flsbuf_wide                            0x08020429   Thumb Code     0  flsbuf.o(.text)
    setvbuf                                  0x080205ff   Thumb Code    70  setvbuf.o(.text)
    freopen                                  0x08020645   Thumb Code   158  fopen.o(.text)
    fopen                                    0x080206e3   Thumb Code    74  fopen.o(.text)
    _fclose_internal                         0x08020731   Thumb Code    76  fclose.o(.text)
    fclose                                   0x08020731   Thumb Code     0  fclose.o(.text)
    __rt_SIGRTRED                            0x0802077d   Thumb Code    14  defsig_rtred_outer.o(.text)
    __user_setup_stackheap                   0x0802078b   Thumb Code    74  sys_stackheap_outer.o(.text)
    __rt_locale                              0x080207d5   Thumb Code     8  rt_locale_intlibspace.o(.text)
    _chval                                   0x080207dd   Thumb Code    28  _chval.o(.text)
    _fseek                                   0x080207f9   Thumb Code   242  fseek.o(.text)
    fseek                                    0x080207f9   Thumb Code     0  fseek.o(.text)
    _seterr                                  0x080208f1   Thumb Code    20  stdio.o(.text)
    _writebuf                                0x08020905   Thumb Code    84  stdio.o(.text)
    _fflush                                  0x08020959   Thumb Code    70  stdio.o(.text)
    _deferredlazyseek                        0x0802099f   Thumb Code    60  stdio.o(.text)
    _flushlinebuffered                       0x080209e1   Thumb Code    50  flushlinebuffered.o(.text)
    exit                                     0x08020a19   Thumb Code    18  exit.o(.text)
    __sig_exit                               0x08020a2b   Thumb Code    10  defsig_exit.o(.text)
    __rt_SIGRTRED_inner                      0x08020a35   Thumb Code    14  defsig_rtred_inner.o(.text)
    _do_fflush                               0x08020a69   Thumb Code    54  fflush.o(.text)
    fflush                                   0x08020a9f   Thumb Code    42  fflush.o(.text)
    _ftell_internal                          0x08020acd   Thumb Code    66  ftell.o(.text)
    ftell                                    0x08020acd   Thumb Code     0  ftell.o(.text)
    __default_signal_display                 0x08020b0f   Thumb Code    50  defsig_general.o(.text)
    _is_digit                                0x08020b41   Thumb Code    14  __printf_wp.o(i._is_digit)
    fgetc                                    0x08020b4f   Thumb Code    24  fgetc.o(i.fgetc)
    fputc                                    0x08020b67   Thumb Code    26  fputc.o(i.fputc)
    _get_lc_ctype                            0x08020b81   Thumb Code    44  lc_ctype_c.o(locale$$code)
    __aeabi_ddiv                             0x08020bad   Thumb Code     0  ddiv.o(x$fpl$ddiv)
    _ddiv                                    0x08020bad   Thumb Code   552  ddiv.o(x$fpl$ddiv)
    __aeabi_d2iz                             0x08020e5d   Thumb Code     0  dfix.o(x$fpl$dfix)
    _dfix                                    0x08020e5d   Thumb Code    94  dfix.o(x$fpl$dfix)
    __aeabi_i2d                              0x08020ebb   Thumb Code     0  dflt_clz.o(x$fpl$dflt)
    _dflt                                    0x08020ebb   Thumb Code    46  dflt_clz.o(x$fpl$dflt)
    __aeabi_ui2d                             0x08020ee9   Thumb Code     0  dflt_clz.o(x$fpl$dfltu)
    _dfltu                                   0x08020ee9   Thumb Code    38  dflt_clz.o(x$fpl$dfltu)
    __aeabi_dmul                             0x08020f11   Thumb Code     0  dmul.o(x$fpl$dmul)
    _dmul                                    0x08020f11   Thumb Code   332  dmul.o(x$fpl$dmul)
    __fpl_dnaninf                            0x08021065   Thumb Code   156  dnaninf.o(x$fpl$dnaninf)
    __fpl_dretinf                            0x08021101   Thumb Code    12  dretinf.o(x$fpl$dretinf)
    _fp_init                                 0x0802110d   Thumb Code    10  fpinit.o(x$fpl$fpinit)
    __fplib_config_fpu_vfp                   0x08021115   Thumb Code     0  fpinit.o(x$fpl$fpinit)
    __fplib_config_pureend_doubles           0x08021115   Thumb Code     0  fpinit.o(x$fpl$fpinit)
    __I$use$fp                               0x08021116   Number         0  usenofp.o(x$fpl$usenofp)
    __lowest_bit_bitmap                      0x08021421   Data         256  kservice.o(.constdata)
    op_table                                 0x0802197c   Data         196  finsh_ops.o(.constdata)
    __stdin_name                             0x08021a80   Data           6  stubs.o(.constdata)
    __stdout_name                            0x08021a86   Data           7  stubs.o(.constdata)
    __stderr_name                            0x08021a8d   Data           7  stubs.o(.constdata)
    memp_UDP_PCB                             0x08021b50   Data          16  memp.o(.constdata)
    memp_TCP_PCB                             0x08021b60   Data          16  memp.o(.constdata)
    memp_TCP_PCB_LISTEN                      0x08021b70   Data          16  memp.o(.constdata)
    memp_TCP_SEG                             0x08021b80   Data          16  memp.o(.constdata)
    memp_NETBUF                              0x08021b90   Data          16  memp.o(.constdata)
    memp_NETCONN                             0x08021ba0   Data          16  memp.o(.constdata)
    memp_TCPIP_MSG_API                       0x08021bb0   Data          16  memp.o(.constdata)
    memp_TCPIP_MSG_INPKT                     0x08021bc0   Data          16  memp.o(.constdata)
    memp_ARP_QUEUE                           0x08021bd0   Data          16  memp.o(.constdata)
    memp_SYS_TIMEOUT                         0x08021be0   Data          16  memp.o(.constdata)
    memp_NETDB                               0x08021bf0   Data          16  memp.o(.constdata)
    memp_PBUF                                0x08021c00   Data          16  memp.o(.constdata)
    memp_PBUF_POOL                           0x08021c10   Data          16  memp.o(.constdata)
    memp_pools                               0x08021c20   Data          52  memp.o(.constdata)
    tcp_pcb_lists                            0x08021d94   Data          16  tcp.o(.constdata)
    lwip_cyclic_timers                       0x08021da4   Data          24  timeouts.o(.constdata)
    ethbroadcast                             0x08021dbc   Data           6  ethernet.o(.constdata)
    ethzero                                  0x08021dc2   Data           6  ethernet.o(.constdata)
    ip_addr_any                              0x08021e20   Data           4  ip4_addr.o(.constdata)
    ip_addr_broadcast                        0x08021e24   Data           4  ip4_addr.o(.constdata)
    __fsym_list_mem_name                     0x08022769   Data           9  mem.o(.rodata.name)
    __fsym_list_mem_desc                     0x08022772   Data          30  mem.o(.rodata.name)
    __fsym_hello_name                        0x08022790   Data           6  cmd.o(.rodata.name)
    __fsym_hello_desc                        0x08022796   Data          16  cmd.o(.rodata.name)
    __fsym_version_name                      0x080227a6   Data           8  cmd.o(.rodata.name)
    __fsym_version_desc                      0x080227ae   Data          35  cmd.o(.rodata.name)
    __fsym_list_thread_name                  0x080227d1   Data          12  cmd.o(.rodata.name)
    __fsym_list_thread_desc                  0x080227dd   Data          12  cmd.o(.rodata.name)
    __fsym_list_sem_name                     0x080227e9   Data           9  cmd.o(.rodata.name)
    __fsym_list_sem_desc                     0x080227f2   Data          25  cmd.o(.rodata.name)
    __fsym_list_event_name                   0x0802280b   Data          11  cmd.o(.rodata.name)
    __fsym_list_event_desc                   0x08022816   Data          21  cmd.o(.rodata.name)
    __fsym_list_mutex_name                   0x0802282b   Data          11  cmd.o(.rodata.name)
    __fsym_list_mutex_desc                   0x08022836   Data          21  cmd.o(.rodata.name)
    __fsym_list_mailbox_name                 0x0802284b   Data          13  cmd.o(.rodata.name)
    __fsym_list_mailbox_desc                 0x08022858   Data          24  cmd.o(.rodata.name)
    __fsym_list_msgqueue_name                0x08022870   Data          14  cmd.o(.rodata.name)
    __fsym_list_msgqueue_desc                0x0802287e   Data          29  cmd.o(.rodata.name)
    __fsym_list_mempool_name                 0x0802289b   Data          13  cmd.o(.rodata.name)
    __fsym_list_mempool_desc                 0x080228a8   Data          27  cmd.o(.rodata.name)
    __fsym_list_timer_name                   0x080228c3   Data          11  cmd.o(.rodata.name)
    __fsym_list_timer_desc                   0x080228ce   Data          21  cmd.o(.rodata.name)
    __fsym_list_device_name                  0x080228e3   Data          12  cmd.o(.rodata.name)
    __fsym_list_device_desc                  0x080228ef   Data          22  cmd.o(.rodata.name)
    __fsym_list_name                         0x08022905   Data           5  cmd.o(.rodata.name)
    __fsym_list_desc                         0x0802290a   Data          26  cmd.o(.rodata.name)
    __vsym_dummy_name                        0x08022924   Data           6  cmd.o(.rodata.name)
    __vsym_dummy_desc                        0x0802292a   Data          25  cmd.o(.rodata.name)
    __fsym_set_if_name                       0x08022943   Data           7  ethernetif.o(.rodata.name)
    __fsym_set_if_desc                       0x0802294a   Data          30  ethernetif.o(.rodata.name)
    __fsym_set_dns_name                      0x08022968   Data           8  ethernetif.o(.rodata.name)
    __fsym_set_dns_desc                      0x08022970   Data          23  ethernetif.o(.rodata.name)
    __fsym_list_if_name                      0x08022987   Data           8  ethernetif.o(.rodata.name)
    __fsym_list_if_desc                      0x0802298f   Data          35  ethernetif.o(.rodata.name)
    __fsym_list_tcps_name                    0x080229b2   Data          10  ethernetif.o(.rodata.name)
    __fsym_list_tcps_desc                    0x080229bc   Data          28  ethernetif.o(.rodata.name)
    __rt_init_rti_start                      0x080229d8   Data           4  components.o(.rti_fn.0)
    __rt_init_rti_board_start                0x080229dc   Data           4  components.o(.rti_fn.0.end)
    __rt_init_stm32_hw_usart_init            0x080229e0   Data           4  usart.o(.rti_fn.1)
    __rt_init_rti_board_end                  0x080229e4   Data           4  components.o(.rti_fn.1.end)
    __rt_init_dfs_init                       0x080229e8   Data           4  dfs.o(.rti_fn.2)
    __rt_init_eth_system_device_init         0x080229ec   Data           4  ethernetif.o(.rti_fn.2)
    __rt_init_rt_hw_rtc_init                 0x080229f0   Data           4  drv_rtc.o(.rti_fn.3)
    __rt_init_stm32_nand_init                0x080229f4   Data           4  drv_k9f1g08.o(.rti_fn.3)
    __rt_init_lwip_system_init               0x080229f8   Data           4  sys_arch.o(.rti_fn.4)
    __rt_init_stdio_init                     0x080229fc   Data           4  application.o(.rti_fn.5)
    __rt_init_finsh_system_init              0x08022a00   Data           4  shell.o(.rti_fn.6)
    __rt_init_rti_end                        0x08022a04   Data           4  components.o(.rti_fn.6.end)
    FSymTab$$Base                            0x08022a08   Number         0  mem.o(FSymTab)
    __fsym_list_mem                          0x08022a08   Data          12  mem.o(FSymTab)
    __fsym_hello                             0x08022a14   Data          12  cmd.o(FSymTab)
    __fsym_version                           0x08022a20   Data          12  cmd.o(FSymTab)
    __fsym_list_thread                       0x08022a2c   Data          12  cmd.o(FSymTab)
    __fsym_list_sem                          0x08022a38   Data          12  cmd.o(FSymTab)
    __fsym_list_event                        0x08022a44   Data          12  cmd.o(FSymTab)
    __fsym_list_mutex                        0x08022a50   Data          12  cmd.o(FSymTab)
    __fsym_list_mailbox                      0x08022a5c   Data          12  cmd.o(FSymTab)
    __fsym_list_msgqueue                     0x08022a68   Data          12  cmd.o(FSymTab)
    __fsym_list_mempool                      0x08022a74   Data          12  cmd.o(FSymTab)
    __fsym_list_timer                        0x08022a80   Data          12  cmd.o(FSymTab)
    __fsym_list_device                       0x08022a8c   Data          12  cmd.o(FSymTab)
    __fsym_list                              0x08022a98   Data          12  cmd.o(FSymTab)
    __fsym_set_if                            0x08022aa4   Data          12  ethernetif.o(FSymTab)
    __fsym_set_dns                           0x08022ab0   Data          12  ethernetif.o(FSymTab)
    __fsym_list_if                           0x08022abc   Data          12  ethernetif.o(FSymTab)
    __fsym_list_tcps                         0x08022ac8   Data          12  ethernetif.o(FSymTab)
    FSymTab$$Limit                           0x08022ad4   Number         0  ethernetif.o(FSymTab)
    Region$$Table$$Base                      0x08022ad4   Number         0  anon$$obj.o(Region$$Table)
    Region$$Table$$Limit                     0x08022af4   Number         0  anon$$obj.o(Region$$Table)
    VSymTab$$Base                            0x08022af4   Number         0  cmd.o(VSymTab)
    __vsym_dummy                             0x08022af4   Data          16  cmd.o(VSymTab)
    VSymTab$$Limit                           0x08022b04   Number         0  cmd.o(VSymTab)
    __ctype                                  0x08022b11   Data           0  lc_ctype_c.o(locale$$data)
    SystemCoreClock                          0x20000000   Data           4  system_stm32f4xx.o(.data)
    AHBPrescTable                            0x20000004   Data          16  system_stm32f4xx.o(.data)
    uart1                                    0x20000028   Data          32  usart.o(.data)
    uart2                                    0x20000048   Data          32  usart.o(.data)
    uart3                                    0x20000068   Data          32  usart.o(.data)
    uart5                                    0x20000088   Data          32  usart.o(.data)
    DMATxDescToSet                           0x200000b8   Data           4  stm32f4xx_eth.o(.data)
    DMARxDescToGet                           0x200000bc   Data           4  stm32f4xx_eth.o(.data)
    DMAPTPTxDescToSet                        0x200000c0   Data           4  stm32f4xx_eth.o(.data)
    DMAPTPRxDescToGet                        0x200000c4   Data           4  stm32f4xx_eth.o(.data)
    rt_interrupt_nest                        0x200000e8   Data           1  irq.o(.data)
    rt_assert_hook                           0x200000f4   Data           4  kservice.o(.data)
    rt_object_container                      0x20000118   Data         144  object.o(.data)
    rt_object_trytake_hook                   0x200001b0   Data           4  object.o(.data)
    rt_object_take_hook                      0x200001b4   Data           4  object.o(.data)
    rt_object_put_hook                       0x200001b8   Data           4  object.o(.data)
    rt_current_thread                        0x200001c0   Data           4  scheduler.o(.data)
    rt_current_priority                      0x200001c4   Data           1  scheduler.o(.data)
    rt_thread_ready_priority_group           0x200001c8   Data           4  scheduler.o(.data)
    rt_thread_defunct                        0x200001cc   Data           8  scheduler.o(.data)
    rt_interrupt_from_thread                 0x200001f4   Data           4  cpuport.o(.data)
    rt_interrupt_to_thread                   0x200001f8   Data           4  cpuport.o(.data)
    rt_thread_switch_interrupt_flag          0x200001fc   Data           4  cpuport.o(.data)
    _syscall_table_begin                     0x2000020c   Data           4  symbol.o(.data)
    _syscall_table_end                       0x20000210   Data           4  symbol.o(.data)
    _sysvar_table_begin                      0x20000214   Data           4  symbol.o(.data)
    _sysvar_table_end                        0x20000218   Data           4  symbol.o(.data)
    finsh_compile_sp                         0x20000220   Data           4  finsh_compiler.o(.data)
    finsh_compile_pc                         0x20000224   Data           4  finsh_compiler.o(.data)
    global_errno                             0x20000228   Data           1  finsh_error.o(.data)
    global_sysvar_list                       0x20000270   Data           4  finsh_var.o(.data)
    finsh_sp                                 0x20000274   Data           4  finsh_vm.o(.data)
    finsh_pc                                 0x20000278   Data           4  finsh_vm.o(.data)
    global_syscall_list                      0x2000027c   Data           4  finsh_vm.o(.data)
    lock_tcpip_core                          0x20000294   Data           4  tcpip.o(.data)
    netif_list                               0x200002d8   Data           4  netif.o(.data)
    netif_default                            0x200002dc   Data           4  netif.o(.data)
    pbuf_free_ooseq_pending                  0x200002e1   Data           1  pbuf.o(.data)
    tcp_ticks                                0x200002e8   Data           4  tcp.o(.data)
    tcp_bound_pcbs                           0x200002ec   Data           4  tcp.o(.data)
    tcp_listen_pcbs                          0x200002f0   Data           4  tcp.o(.data)
    tcp_active_pcbs                          0x200002f4   Data           4  tcp.o(.data)
    tcp_tw_pcbs                              0x200002f8   Data           4  tcp.o(.data)
    tcp_active_pcbs_changed                  0x200002fc   Data           1  tcp.o(.data)
    tcp_input_pcb                            0x20000328   Data           4  tcp_in.o(.data)
    udp_pcbs                                 0x2000033c   Data           4  udp.o(.data)
    __aeabi_stdin                            0x20000344   Data           4  stdio_streams.o(.data)
    __aeabi_stdout                           0x20000348   Data           4  stdio_streams.o(.data)
    __aeabi_stderr                           0x2000034c   Data           4  stdio_streams.o(.data)
    serial1                                  0x20000350   Data         152  usart.o(.bss)
    serial2                                  0x200003e8   Data         152  usart.o(.bss)
    serial3                                  0x20000480   Data         152  usart.o(.bss)
    serial5                                  0x20000518   Data         152  usart.o(.bss)
    rt_thread_priority_table                 0x200030b8   Data         256  scheduler.o(.bss)
    finsh_heap                               0x200042e0   Data         128  finsh_heap.o(.bss)
    global_node_table                        0x20004360   Data         320  finsh_node.o(.bss)
    global_variable                          0x200044a0   Data         192  finsh_var.o(.bss)
    finsh_vm_stack                           0x20004560   Data         256  finsh_vm.o(.bss)
    text_segment                             0x20004660   Data         128  finsh_vm.o(.bss)
    ip_data                                  0x20004b60   Data          24  ip.o(.bss)
    memp_memory_UDP_PCB_base                 0x20004b78   Data         307  memp.o(.bss)
    memp_memory_TCP_PCB_base                 0x20004cab   Data        1023  memp.o(.bss)
    memp_memory_TCP_PCB_LISTEN_base          0x200050aa   Data         579  memp.o(.bss)
    memp_memory_TCP_SEG_base                 0x200052ed   Data        1323  memp.o(.bss)
    memp_memory_NETBUF_base                  0x20005818   Data         123  memp.o(.bss)
    memp_memory_NETCONN_base                 0x20005893   Data         419  memp.o(.bss)
    memp_memory_TCPIP_MSG_API_base           0x20005a36   Data         483  memp.o(.bss)
    memp_memory_TCPIP_MSG_INPKT_base         0x20005c19   Data         483  memp.o(.bss)
    memp_memory_ARP_QUEUE_base               0x20005dfc   Data        1563  memp.o(.bss)
    memp_memory_SYS_TIMEOUT_base             0x20006417   Data         183  memp.o(.bss)
    memp_memory_NETDB_base                   0x200064ce   Data         355  memp.o(.bss)
    memp_memory_PBUF_base                    0x20006631   Data        2947  memp.o(.bss)
    memp_memory_PBUF_POOL_base               0x200071b4   Data       25731  memp.o(.bss)
    __stdin                                  0x2000dcc8   Data          84  stdio_streams.o(.bss)
    __stdout                                 0x2000dd1c   Data          84  stdio_streams.o(.bss)
    __stderr                                 0x2000dd70   Data          84  stdio_streams.o(.bss)
    _random_number_data                      0x2000ddc4   Data         228  rand.o(.bss)
    __libspace_start                         0x2000dea8   Data          96  libspace.o(.bss)
    __temporary_stack_top$libspace           0x2000df08   Data           0  libspace.o(.bss)
    Image$$RW_IRAM1$$ZI$$Limit               0x2000e508   Number         0  anon$$obj.o ABSOLUTE



==============================================================================

Memory Map of the image

  Image Entry point : 0x08000189

  Load Region LR_IROM1 (Base: 0x08000000, Size: 0x00022f64, Max: 0x00100000, ABSOLUTE, COMPRESSED[0x00022cf4])

    Execution Region ER_IROM1 (Exec base: 0x08000000, Load base: 0x08000000, Size: 0x00022c14, Max: 0x00100000, ABSOLUTE)

    Exec Addr    Load Addr    Size         Type   Attr      Idx    E Section Name        Object

    0x08000000   0x08000000   0x00000188   Data   RO          630    RESET               startup_stm32f4xx.o
    0x08000188   0x08000188   0x00000008   Code   RO         3138  * !!!main             c_w.l(__main.o)
    0x08000190   0x08000190   0x00000034   Code   RO         3420    !!!scatter          c_w.l(__scatter.o)
    0x080001c4   0x080001c4   0x0000005a   Code   RO         3418    !!dczerorl2         c_w.l(__dczerorl2.o)
    0x0800021e   0x0800021e   0x00000002   PAD
    0x08000220   0x08000220   0x0000001c   Code   RO         3422    !!handler_zi        c_w.l(__scatter_zi.o)
    0x0800023c   0x0800023c   0x00000000   Code   RO         3094    .ARM.Collect$$_printf_percent$$00000000  c_w.l(_printf_percent.o)
    0x0800023c   0x0800023c   0x00000006   Code   RO         3093    .ARM.Collect$$_printf_percent$$00000009  c_w.l(_printf_d.o)
    0x08000242   0x08000242   0x00000006   Code   RO         3092    .ARM.Collect$$_printf_percent$$0000000C  c_w.l(_printf_x.o)
    0x08000248   0x08000248   0x00000006   Code   RO         3090    .ARM.Collect$$_printf_percent$$00000013  c_w.l(_printf_c.o)
    0x0800024e   0x0800024e   0x00000006   Code   RO         3091    .ARM.Collect$$_printf_percent$$00000014  c_w.l(_printf_s.o)
    0x08000254   0x08000254   0x00000004   Code   RO         3168    .ARM.Collect$$_printf_percent$$00000017  c_w.l(_printf_percent_end.o)
    0x08000258   0x08000258   0x00000002   Code   RO         3365    .ARM.Collect$$libinit$$00000000  c_w.l(libinit.o)
    0x0800025a   0x0800025a   0x00000004   Code   RO         3187    .ARM.Collect$$libinit$$00000001  c_w.l(libinit2.o)
    0x0800025e   0x0800025e   0x00000000   Code   RO         3190    .ARM.Collect$$libinit$$00000004  c_w.l(libinit2.o)
    0x0800025e   0x0800025e   0x00000000   Code   RO         3193    .ARM.Collect$$libinit$$0000000A  c_w.l(libinit2.o)
    0x0800025e   0x0800025e   0x00000000   Code   RO         3195    .ARM.Collect$$libinit$$0000000C  c_w.l(libinit2.o)
    0x0800025e   0x0800025e   0x00000004   Code   RO         3196    .ARM.Collect$$libinit$$0000000D  c_w.l(libinit2.o)
    0x08000262   0x08000262   0x00000000   Code   RO         3197    .ARM.Collect$$libinit$$0000000E  c_w.l(libinit2.o)
    0x08000262   0x08000262   0x00000006   Code   RO         3198    .ARM.Collect$$libinit$$0000000F  c_w.l(libinit2.o)
    0x08000268   0x08000268   0x00000000   Code   RO         3200    .ARM.Collect$$libinit$$00000011  c_w.l(libinit2.o)
    0x08000268   0x08000268   0x0000000c   Code   RO         3201    .ARM.Collect$$libinit$$00000012  c_w.l(libinit2.o)
    0x08000274   0x08000274   0x00000000   Code   RO         3202    .ARM.Collect$$libinit$$00000013  c_w.l(libinit2.o)
    0x08000274   0x08000274   0x00000000   Code   RO         3204    .ARM.Collect$$libinit$$00000015  c_w.l(libinit2.o)
    0x08000274   0x08000274   0x00000000   Code   RO         3206    .ARM.Collect$$libinit$$00000017  c_w.l(libinit2.o)
    0x08000274   0x08000274   0x00000000   Code   RO         3208    .ARM.Collect$$libinit$$00000019  c_w.l(libinit2.o)
    0x08000274   0x08000274   0x00000000   Code   RO         3210    .ARM.Collect$$libinit$$0000001B  c_w.l(libinit2.o)
    0x08000274   0x08000274   0x00000000   Code   RO         3212    .ARM.Collect$$libinit$$0000001D  c_w.l(libinit2.o)
    0x08000274   0x08000274   0x00000000   Code   RO         3214    .ARM.Collect$$libinit$$0000001F  c_w.l(libinit2.o)
    0x08000274   0x08000274   0x00000000   Code   RO         3216    .ARM.Collect$$libinit$$00000021  c_w.l(libinit2.o)
    0x08000274   0x08000274   0x00000000   Code   RO         3218    .ARM.Collect$$libinit$$00000023  c_w.l(libinit2.o)
    0x08000274   0x08000274   0x00000004   Code   RO         3219    .ARM.Collect$$libinit$$00000024  c_w.l(libinit2.o)
    0x08000278   0x08000278   0x00000000   Code   RO         3220    .ARM.Collect$$libinit$$00000025  c_w.l(libinit2.o)
    0x08000278   0x08000278   0x00000000   Code   RO         3224    .ARM.Collect$$libinit$$0000002C  c_w.l(libinit2.o)
    0x08000278   0x08000278   0x00000000   Code   RO         3226    .ARM.Collect$$libinit$$0000002E  c_w.l(libinit2.o)
    0x08000278   0x08000278   0x00000000   Code   RO         3228    .ARM.Collect$$libinit$$00000030  c_w.l(libinit2.o)
    0x08000278   0x08000278   0x00000000   Code   RO         3230    .ARM.Collect$$libinit$$00000032  c_w.l(libinit2.o)
    0x08000278   0x08000278   0x00000002   Code   RO         3231    .ARM.Collect$$libinit$$00000033  c_w.l(libinit2.o)
    0x0800027a   0x0800027a   0x00000002   Code   RO         3415    .ARM.Collect$$libshutdown$$00000000  c_w.l(libshutdown.o)
    0x0800027c   0x0800027c   0x00000000   Code   RO         3289    .ARM.Collect$$libshutdown$$00000002  c_w.l(libshutdown2.o)
    0x0800027c   0x0800027c   0x00000004   Code   RO         3290    .ARM.Collect$$libshutdown$$00000003  c_w.l(libshutdown2.o)
    0x08000280   0x08000280   0x00000000   Code   RO         3291    .ARM.Collect$$libshutdown$$00000004  c_w.l(libshutdown2.o)
    0x08000280   0x08000280   0x00000000   Code   RO         3294    .ARM.Collect$$libshutdown$$00000007  c_w.l(libshutdown2.o)
    0x08000280   0x08000280   0x00000000   Code   RO         3297    .ARM.Collect$$libshutdown$$0000000A  c_w.l(libshutdown2.o)
    0x08000280   0x08000280   0x00000000   Code   RO         3299    .ARM.Collect$$libshutdown$$0000000C  c_w.l(libshutdown2.o)
    0x08000280   0x08000280   0x00000000   Code   RO         3302    .ARM.Collect$$libshutdown$$0000000F  c_w.l(libshutdown2.o)
    0x08000280   0x08000280   0x00000002   Code   RO         3303    .ARM.Collect$$libshutdown$$00000010  c_w.l(libshutdown2.o)
    0x08000282   0x08000282   0x00000000   Code   RO         3156    .ARM.Collect$$rtentry$$00000000  c_w.l(__rtentry.o)
    0x08000282   0x08000282   0x00000000   Code   RO         3243    .ARM.Collect$$rtentry$$00000002  c_w.l(__rtentry2.o)
    0x08000282   0x08000282   0x00000006   Code   RO         3255    .ARM.Collect$$rtentry$$00000004  c_w.l(__rtentry4.o)
    0x08000288   0x08000288   0x00000000   Code   RO         3245    .ARM.Collect$$rtentry$$00000009  c_w.l(__rtentry2.o)
    0x08000288   0x08000288   0x00000004   Code   RO         3246    .ARM.Collect$$rtentry$$0000000A  c_w.l(__rtentry2.o)
    0x0800028c   0x0800028c   0x00000000   Code   RO         3248    .ARM.Collect$$rtentry$$0000000C  c_w.l(__rtentry2.o)
    0x0800028c   0x0800028c   0x00000008   Code   RO         3249    .ARM.Collect$$rtentry$$0000000D  c_w.l(__rtentry2.o)
    0x08000294   0x08000294   0x00000002   Code   RO         3366    .ARM.Collect$$rtexit$$00000000  c_w.l(rtexit.o)
    0x08000296   0x08000296   0x00000000   Code   RO         3389    .ARM.Collect$$rtexit$$00000002  c_w.l(rtexit2.o)
    0x08000296   0x08000296   0x00000004   Code   RO         3390    .ARM.Collect$$rtexit$$00000003  c_w.l(rtexit2.o)
    0x0800029a   0x0800029a   0x00000006   Code   RO         3391    .ARM.Collect$$rtexit$$00000004  c_w.l(rtexit2.o)
    0x080002a0   0x080002a0   0x00000034   Code   RO         3107    .emb_text           c_w.l(rand.o)
    0x080002d4   0x080002d4   0x00000210   Code   RO            2    .text               system_stm32f4xx.o
    0x080004e4   0x080004e4   0x000001f0   Code   RO          127    .text               misc.o
    0x080006d4   0x080006d4   0x000013cc   Code   RO          307    .text               stm32f4xx_dma.o
    0x08001aa0   0x08001aa0   0x00000da0   Code   RO          355    .text               stm32f4xx_fsmc.o
    0x08002840   0x08002840   0x0000091a   Code   RO          371    .text               stm32f4xx_gpio.o
    0x0800315a   0x0800315a   0x00000002   PAD
    0x0800315c   0x0800315c   0x00000244   Code   RO          467    .text               stm32f4xx_pwr.o
    0x080033a0   0x080033a0   0x00000d7c   Code   RO          483    .text               stm32f4xx_rcc.o
    0x0800411c   0x0800411c   0x00001788   Code   RO          517    .text               stm32f4xx_rtc.o
    0x080058a4   0x080058a4   0x00000188   Code   RO          565    .text               stm32f4xx_syscfg.o
    0x08005a2c   0x08005a2c   0x00000eb8   Code   RO          597    .text               stm32f4xx_usart.o
    0x080068e4   0x080068e4   0x00000040   Code   RO          631    .text               startup_stm32f4xx.o
    0x08006924   0x08006924   0x00000060   Code   RO          635    .text               application.o
    0x08006984   0x08006984   0x000000b8   Code   RO          727    .text               startup.o
    0x08006a3c   0x08006a3c   0x000000c0   Code   RO          750    .text               board.o
    0x08006afc   0x08006afc   0x0000000e   Code   RO          772    .text               stm32f4xx_it.o
    0x08006b0a   0x08006b0a   0x00000002   PAD
    0x08006b0c   0x08006b0c   0x00000680   Code   RO          788    .text               usart.o
    0x0800718c   0x0800718c   0x00002680   Code   RO          862    .text               stm32f4xx_eth.o
    0x0800980c   0x0800980c   0x0000010c   Code   RO          989    .text               drv_rtc.o
    0x08009918   0x08009918   0x00000328   Code   RO         1010    .text               drv_k9f1g08.o
    0x08009c40   0x08009c40   0x000001e4   Code   RO         1031    .text               clock.o
    0x08009e24   0x08009e24   0x00000044   Code   RO         1046    .text               components.o
    0x08009e68   0x08009e68   0x00000138   Code   RO         1064    .text               idle.o
    0x08009fa0   0x08009fa0   0x00001658   Code   RO         1084    .text               ipc.o
    0x0800b5f8   0x0800b5f8   0x0000007c   Code   RO         1101    .text               irq.o
    0x0800b674   0x0800b674   0x00000a74   Code   RO         1116    .text               kservice.o
    0x0800c0e8   0x0800c0e8   0x00000884   Code   RO         1136    .text               mem.o
    0x0800c96c   0x0800c96c   0x000002dc   Code   RO         1185    .text               object.o
    0x0800cc48   0x0800cc48   0x000002fc   Code   RO         1204    .text               scheduler.o
    0x0800cf44   0x0800cf44   0x00000668   Code   RO         1243    .text               thread.o
    0x0800d5ac   0x0800d5ac   0x0000045c   Code   RO         1262    .text               timer.o
    0x0800da08   0x0800da08   0x00000198   Code   RO         1281    .text               cpuport.o
    0x0800dba0   0x0800dba0   0x00000104   Code   RO         1297    .text               context_rvds.o
    0x0800dca4   0x0800dca4   0x000001f4   Code   RO         1335    .text               dfs.o
    0x0800de98   0x0800de98   0x000001c4   Code   RO         1402    .text               dfs_file.o
    0x0800e05c   0x0800e05c   0x00000204   Code   RO         1464    .text               dfs_posix.o
    0x0800e260   0x0800e260   0x00000266   Code   RO         1599    .text               mtdcore.o
    0x0800e4c6   0x0800e4c6   0x00000002   PAD
    0x0800e4c8   0x0800e4c8   0x00000a24   Code   RO         1611    .text               mtd_nand.o
    0x0800eeec   0x0800eeec   0x00000138   Code   RO         1669    .text               rtc.o
    0x0800f024   0x0800f024   0x00000174   Code   RO         1715    .text               device.o
    0x0800f198   0x0800f198   0x00000530   Code   RO         1729    .text               ringbuffer.o
    0x0800f6c8   0x0800f6c8   0x000001bc   Code   RO         1742    .text               waitqueue.o
    0x0800f884   0x0800f884   0x0000061c   Code   RO         1772    .text               serial.o
    0x0800fea0   0x0800fea0   0x000005dc   Code   RO         1786    .text               shell.o
    0x0801047c   0x0801047c   0x00000d4c   Code   RO         1819    .text               cmd.o
    0x080111c8   0x080111c8   0x00001818   Code   RO         1843    .text               finsh_compiler.o
    0x080129e0   0x080129e0   0x0000002c   Code   RO         1880    .text               finsh_error.o
    0x08012a0c   0x08012a0c   0x00000210   Code   RO         1896    .text               finsh_heap.o
    0x08012c1c   0x08012c1c   0x00000058   Code   RO         1912    .text               finsh_init.o
    0x08012c74   0x08012c74   0x00000184   Code   RO         1930    .text               finsh_node.o
    0x08012df8   0x08012df8   0x00000adc   Code   RO         1945    .text               finsh_ops.o
    0x080138d4   0x080138d4   0x0000097c   Code   RO         1963    .text               finsh_parser.o
    0x08014250   0x08014250   0x0000019c   Code   RO         1978    .text               finsh_var.o
    0x080143ec   0x080143ec   0x000000e4   Code   RO         2001    .text               finsh_vm.o
    0x080144d0   0x080144d0   0x00000680   Code   RO         2024    .text               finsh_token.o
    0x08014b50   0x08014b50   0x00000030   Code   RO         2039    .text               dup.o
    0x08014b80   0x08014b80   0x00000038   Code   RO         2076    .text               mem_std.o
    0x08014bb8   0x08014bb8   0x00000160   Code   RO         2088    .text               stubs.o
    0x08014d18   0x08014d18   0x000007c0   Code   RO         2118    .text               sys_arch.o
    0x080154d8   0x080154d8   0x00000100   Code   RO         2419    .text               netifapi.o
    0x080155d8   0x080155d8   0x000003b8   Code   RO         2466    .text               tcpip.o
    0x08015990   0x08015990   0x00000158   Code   RO         2495    .text               def.o
    0x08015ae8   0x08015ae8   0x00000aa0   Code   RO         2508    .text               dns.o
    0x08016588   0x08016588   0x000002e4   Code   RO         2543    .text               inet_chksum.o
    0x0801686c   0x0801686c   0x0000008c   Code   RO         2559    .text               init.o
    0x080168f8   0x080168f8   0x0000038c   Code   RO         2619    .text               memp.o
    0x08016c84   0x08016c84   0x000002ec   Code   RO         2672    .text               netif.o
    0x08016f70   0x08016f70   0x000011b8   Code   RO         2709    .text               pbuf.o
    0x08018128   0x08018128   0x00001790   Code   RO         2762    .text               tcp.o
    0x080198b8   0x080198b8   0x00001e40   Code   RO         2786    .text               tcp_in.o
    0x0801b6f8   0x0801b6f8   0x00001490   Code   RO         2813    .text               tcp_out.o
    0x0801cb88   0x0801cb88   0x00000318   Code   RO         2826    .text               timeouts.o
    0x0801cea0   0x0801cea0   0x000005a0   Code   RO         2846    .text               udp.o
    0x0801d440   0x0801d440   0x00000174   Code   RO         2870    .text               ethernet.o
    0x0801d5b4   0x0801d5b4   0x00000924   Code   RO         2892    .text               ethernetif.o
    0x0801ded8   0x0801ded8   0x00000e30   Code   RO         2939    .text               etharp.o
    0x0801ed08   0x0801ed08   0x00000318   Code   RO         2958    .text               icmp.o
    0x0801f020   0x0801f020   0x000003fc   Code   RO         2980    .text               ip4.o
    0x0801f41c   0x0801f41c   0x0000030c   Code   RO         2998    .text               ip4_addr.o
    0x0801f728   0x0801f728   0x00000002   Code   RO         3033    .text               c_w.l(use_no_semi.o)
    0x0801f72a   0x0801f72a   0x00000004   Code   RO         3035    .text               c_w.l(hguard.o)
    0x0801f72e   0x0801f72e   0x00000002   PAD
    0x0801f730   0x0801f730   0x00000018   Code   RO         3039    .text               c_w.l(noretval__2printf.o)
    0x0801f748   0x0801f748   0x0000004e   Code   RO         3043    .text               c_w.l(_printf_pad.o)
    0x0801f796   0x0801f796   0x00000052   Code   RO         3045    .text               c_w.l(_printf_str.o)
    0x0801f7e8   0x0801f7e8   0x00000078   Code   RO         3047    .text               c_w.l(_printf_dec.o)
    0x0801f860   0x0801f860   0x00000058   Code   RO         3052    .text               c_w.l(_printf_hex_int.o)
    0x0801f8b8   0x0801f8b8   0x00000138   Code   RO         3082    .text               c_w.l(__printf_flags_wp.o)
    0x0801f9f0   0x0801f9f0   0x0000001a   Code   RO         3095    .text               c_w.l(atoi.o)
    0x0801fa0a   0x0801fa0a   0x00000004   Code   RO         3097    .text               c_w.l(getc.o)
    0x0801fa0e   0x0801fa0e   0x00000004   Code   RO         3099    .text               c_w.l(putc.o)
    0x0801fa12   0x0801fa12   0x00000002   PAD
    0x0801fa14   0x0801fa14   0x0000003c   Code   RO         3108    .text               c_w.l(rand.o)
    0x0801fa50   0x0801fa50   0x00000058   Code   RO         3112    .text               c_w.l(memcmp.o)
    0x0801faa8   0x0801faa8   0x00000048   Code   RO         3114    .text               c_w.l(strcpy.o)
    0x0801faf0   0x0801faf0   0x0000003e   Code   RO         3116    .text               c_w.l(strlen.o)
    0x0801fb2e   0x0801fb2e   0x00000096   Code   RO         3118    .text               c_w.l(strncmp.o)
    0x0801fbc4   0x0801fbc4   0x00000018   Code   RO         3120    .text               c_w.l(strcat.o)
    0x0801fbdc   0x0801fbdc   0x0000008a   Code   RO         3122    .text               c_w.l(rt_memcpy_v6.o)
    0x0801fc66   0x0801fc66   0x00000064   Code   RO         3124    .text               c_w.l(rt_memcpy_w.o)
    0x0801fcca   0x0801fcca   0x00000010   Code   RO         3126    .text               c_w.l(aeabi_memset.o)
    0x0801fcda   0x0801fcda   0x00000044   Code   RO         3128    .text               c_w.l(rt_memclr.o)
    0x0801fd1e   0x0801fd1e   0x0000004e   Code   RO         3130    .text               c_w.l(rt_memclr_w.o)
    0x0801fd6c   0x0801fd6c   0x00000056   Code   RO         3132    .text               c_w.l(strncpy.o)
    0x0801fdc2   0x0801fdc2   0x00000002   PAD
    0x0801fdc4   0x0801fdc4   0x00000080   Code   RO         3134    .text               c_w.l(strcmpv7m.o)
    0x0801fe44   0x0801fe44   0x00000006   Code   RO         3136    .text               c_w.l(heapauxi.o)
    0x0801fe4a   0x0801fe4a   0x00000002   PAD
    0x0801fe4c   0x0801fe4c   0x00000008   Code   RO         3160    .text               c_w.l(rt_errno_addr_intlibspace.o)
    0x0801fe54   0x0801fe54   0x000000b2   Code   RO         3162    .text               c_w.l(_printf_intcommon.o)
    0x0801ff06   0x0801ff06   0x0000002c   Code   RO         3164    .text               c_w.l(_printf_char.o)
    0x0801ff32   0x0801ff32   0x00000002   PAD
    0x0801ff34   0x0801ff34   0x00000024   Code   RO         3166    .text               c_w.l(_printf_char_file.o)
    0x0801ff58   0x0801ff58   0x00000070   Code   RO         3169    .text               c_w.l(strtol.o)
    0x0801ffc8   0x0801ffc8   0x00000138   Code   RO         3179    .text               c_w.l(initio.o)
    0x08020100   0x08020100   0x00000008   Code   RO         3237    .text               c_w.l(libspace.o)
    0x08020108   0x08020108   0x00000010   Code   RO         3257    .text               c_w.l(rt_ctype_table.o)
    0x08020118   0x08020118   0x00000030   Code   RO         3259    .text               c_w.l(_printf_char_common.o)
    0x08020148   0x08020148   0x0000009e   Code   RO         3261    .text               c_w.l(_strtoul.o)
    0x080201e6   0x080201e6   0x00000008   Code   RO         3263    .text               c_w.l(ferror.o)
    0x080201ee   0x080201ee   0x0000023a   Code   RO         3265    .text               c_w.l(filbuf.o)
    0x08020428   0x08020428   0x000001d6   Code   RO         3267    .text               c_w.l(flsbuf.o)
    0x080205fe   0x080205fe   0x00000046   Code   RO         3269    .text               c_w.l(setvbuf.o)
    0x08020644   0x08020644   0x000000ec   Code   RO         3272    .text               c_w.l(fopen.o)
    0x08020730   0x08020730   0x0000004c   Code   RO         3274    .text               c_w.l(fclose.o)
    0x0802077c   0x0802077c   0x0000000e   Code   RO         3282    .text               c_w.l(defsig_rtred_outer.o)
    0x0802078a   0x0802078a   0x0000004a   Code   RO         3310    .text               c_w.l(sys_stackheap_outer.o)
    0x080207d4   0x080207d4   0x00000008   Code   RO         3317    .text               c_w.l(rt_locale_intlibspace.o)
    0x080207dc   0x080207dc   0x0000001c   Code   RO         3323    .text               c_w.l(_chval.o)
    0x080207f8   0x080207f8   0x000000f8   Code   RO         3325    .text               c_w.l(fseek.o)
    0x080208f0   0x080208f0   0x000000f0   Code   RO         3327    .text               c_w.l(stdio.o)
    0x080209e0   0x080209e0   0x00000038   Code   RO         3335    .text               c_w.l(flushlinebuffered.o)
    0x08020a18   0x08020a18   0x00000012   Code   RO         3348    .text               c_w.l(exit.o)
    0x08020a2a   0x08020a2a   0x0000000a   Code   RO         3350    .text               c_w.l(defsig_exit.o)
    0x08020a34   0x08020a34   0x00000034   Code   RO         3352    .text               c_w.l(defsig_rtred_inner.o)
    0x08020a68   0x08020a68   0x00000064   Code   RO         3370    .text               c_w.l(fflush.o)
    0x08020acc   0x08020acc   0x00000042   Code   RO         3374    .text               c_w.l(ftell.o)
    0x08020b0e   0x08020b0e   0x00000032   Code   RO         3382    .text               c_w.l(defsig_general.o)
    0x08020b40   0x08020b40   0x0000000e   Code   RO         3080    i._is_digit         c_w.l(__printf_wp.o)
    0x08020b4e   0x08020b4e   0x00000018   Code   RO         3172    i.fgetc             c_w.l(fgetc.o)
    0x08020b66   0x08020b66   0x0000001a   Code   RO         3176    i.fputc             c_w.l(fputc.o)
    0x08020b80   0x08020b80   0x0000002c   Code   RO         3346    locale$$code        c_w.l(lc_ctype_c.o)
    0x08020bac   0x08020bac   0x000002b0   Code   RO         3141    x$fpl$ddiv          fz_wm.l(ddiv.o)
    0x08020e5c   0x08020e5c   0x0000005e   Code   RO         3144    x$fpl$dfix          fz_wm.l(dfix.o)
    0x08020eba   0x08020eba   0x0000002e   Code   RO         3149    x$fpl$dflt          fz_wm.l(dflt_clz.o)
    0x08020ee8   0x08020ee8   0x00000026   Code   RO         3148    x$fpl$dfltu         fz_wm.l(dflt_clz.o)
    0x08020f0e   0x08020f0e   0x00000002   PAD
    0x08020f10   0x08020f10   0x00000154   Code   RO         3154    x$fpl$dmul          fz_wm.l(dmul.o)
    0x08021064   0x08021064   0x0000009c   Code   RO         3232    x$fpl$dnaninf       fz_wm.l(dnaninf.o)
    0x08021100   0x08021100   0x0000000c   Code   RO         3234    x$fpl$dretinf       fz_wm.l(dretinf.o)
    0x0802110c   0x0802110c   0x0000000a   Code   RO         3308    x$fpl$fpinit        fz_wm.l(fpinit.o)
    0x08021116   0x08021116   0x00000000   Code   RO         3236    x$fpl$usenofp       fz_wm.l(usenofp.o)
    0x08021116   0x08021116   0x00000002   PAD
    0x08021118   0x08021118   0x00000045   Data   RO          790    .constdata          usart.o
    0x0802115d   0x0802115d   0x00000003   PAD
    0x08021160   0x08021160   0x00000088   Data   RO          864    .constdata          stm32f4xx_eth.o
    0x080211e8   0x080211e8   0x0000000c   Data   RO          991    .constdata          drv_rtc.o
    0x080211f4   0x080211f4   0x00000024   Data   RO         1012    .constdata          drv_k9f1g08.o
    0x08021218   0x08021218   0x0000001c   Data   RO         1032    .constdata          clock.o
    0x08021234   0x08021234   0x00000016   Data   RO         1066    .constdata          idle.o
    0x0802124a   0x0802124a   0x000001d7   Data   RO         1085    .constdata          ipc.o
    0x08021421   0x08021421   0x00000122   Data   RO         1118    .constdata          kservice.o
    0x08021543   0x08021543   0x00000046   Data   RO         1138    .constdata          mem.o
    0x08021589   0x08021589   0x0000005e   Data   RO         1186    .constdata          object.o
    0x080215e7   0x080215e7   0x0000004e   Data   RO         1206    .constdata          scheduler.o
    0x08021635   0x08021635   0x000000aa   Data   RO         1244    .constdata          thread.o
    0x080216df   0x080216df   0x0000005c   Data   RO         1263    .constdata          timer.o
    0x0802173b   0x0802173b   0x00000013   Data   RO         1282    .constdata          cpuport.o
    0x0802174e   0x0802174e   0x00000010   Data   RO         1337    .constdata          dfs.o
    0x0802175e   0x0802175e   0x00000002   PAD
    0x08021760   0x08021760   0x00000024   Data   RO         1612    .constdata          mtd_nand.o
    0x08021784   0x08021784   0x00000030   Data   RO         1670    .constdata          rtc.o
    0x080217b4   0x080217b4   0x00000036   Data   RO         1716    .constdata          device.o
    0x080217ea   0x080217ea   0x000000c0   Data   RO         1730    .constdata          ringbuffer.o
    0x080218aa   0x080218aa   0x0000000f   Data   RO         1743    .constdata          waitqueue.o
    0x080218b9   0x080218b9   0x00000003   PAD
    0x080218bc   0x080218bc   0x0000006e   Data   RO         1773    .constdata          serial.o
    0x0802192a   0x0802192a   0x00000002   PAD
    0x0802192c   0x0802192c   0x00000050   Data   RO         1820    .constdata          cmd.o
    0x0802197c   0x0802197c   0x000000c4   Data   RO         1946    .constdata          finsh_ops.o
    0x08021a40   0x08021a40   0x00000040   Data   RO         2025    .constdata          finsh_token.o
    0x08021a80   0x08021a80   0x0000001b   Data   RO         2089    .constdata          stubs.o
    0x08021a9b   0x08021a9b   0x000000b3   Data   RO         2119    .constdata          sys_arch.o
    0x08021b4e   0x08021b4e   0x00000002   PAD
    0x08021b50   0x08021b50   0x00000204   Data   RO         2621    .constdata          memp.o
    0x08021d54   0x08021d54   0x00000050   Data   RO         2763    .constdata          tcp.o
    0x08021da4   0x08021da4   0x00000018   Data   RO         2827    .constdata          timeouts.o
    0x08021dbc   0x08021dbc   0x0000000c   Data   RO         2871    .constdata          ethernet.o
    0x08021dc8   0x08021dc8   0x00000057   Data   RO         2894    .constdata          ethernetif.o
    0x08021e1f   0x08021e1f   0x00000001   PAD
    0x08021e20   0x08021e20   0x00000008   Data   RO         3000    .constdata          ip4_addr.o
    0x08021e28   0x08021e28   0x00000028   Data   RO         3053    .constdata          c_w.l(_printf_hex_int.o)
    0x08021e50   0x08021e50   0x00000011   Data   RO         3083    .constdata          c_w.l(__printf_flags_wp.o)
    0x08021e61   0x08021e61   0x00000003   PAD
    0x08021e64   0x08021e64   0x00000009   Data   RO         1013    .conststring        drv_k9f1g08.o
    0x08021e6d   0x08021e6d   0x00000003   PAD
    0x08021e70   0x08021e70   0x000000ed   Data   RO         1139    .conststring        mem.o
    0x08021f5d   0x08021f5d   0x00000003   PAD
    0x08021f60   0x08021f60   0x0000015d   Data   RO         1821    .conststring        cmd.o
    0x080220bd   0x080220bd   0x00000003   PAD
    0x080220c0   0x080220c0   0x000000f3   Data   RO         1881    .conststring        finsh_error.o
    0x080221b3   0x080221b3   0x00000001   PAD
    0x080221b4   0x080221b4   0x0000003e   Data   RO         2026    .conststring        finsh_token.o
    0x080221f2   0x080221f2   0x00000002   PAD
    0x080221f4   0x080221f4   0x00000044   Data   RO         2120    .conststring        sys_arch.o
    0x08022238   0x08022238   0x00000048   Data   RO         2496    .conststring        def.o
    0x08022280   0x08022280   0x00000047   Data   RO         2544    .conststring        inet_chksum.o
    0x080222c7   0x080222c7   0x00000001   PAD
    0x080222c8   0x080222c8   0x00000041   Data   RO         2560    .conststring        init.o
    0x08022309   0x08022309   0x00000003   PAD
    0x0802230c   0x0802230c   0x00000094   Data   RO         2622    .conststring        memp.o
    0x080223a0   0x080223a0   0x00000041   Data   RO         2673    .conststring        netif.o
    0x080223e1   0x080223e1   0x00000003   PAD
    0x080223e4   0x080223e4   0x0000006d   Data   RO         2764    .conststring        tcp.o
    0x08022451   0x08022451   0x00000003   PAD
    0x08022454   0x08022454   0x00000042   Data   RO         2788    .conststring        tcp_in.o
    0x08022496   0x08022496   0x00000002   PAD
    0x08022498   0x08022498   0x0000009b   Data   RO         2814    .conststring        tcp_out.o
    0x08022533   0x08022533   0x00000001   PAD
    0x08022534   0x08022534   0x00000044   Data   RO         2828    .conststring        timeouts.o
    0x08022578   0x08022578   0x00000045   Data   RO         2872    .conststring        ethernet.o
    0x080225bd   0x080225bd   0x00000003   PAD
    0x080225c0   0x080225c0   0x00000047   Data   RO         2895    .conststring        ethernetif.o
    0x08022607   0x08022607   0x00000001   PAD
    0x08022608   0x08022608   0x0000008b   Data   RO         2941    .conststring        etharp.o
    0x08022693   0x08022693   0x00000001   PAD
    0x08022694   0x08022694   0x00000045   Data   RO         2959    .conststring        icmp.o
    0x080226d9   0x080226d9   0x00000003   PAD
    0x080226dc   0x080226dc   0x00000044   Data   RO         2981    .conststring        ip4.o
    0x08022720   0x08022720   0x00000049   Data   RO         3001    .conststring        ip4_addr.o
    0x08022769   0x08022769   0x00000027   Data   RO         1141    .rodata.name        mem.o
    0x08022790   0x08022790   0x000001b3   Data   RO         1823    .rodata.name        cmd.o
    0x08022943   0x08022943   0x00000095   Data   RO         2896    .rodata.name        ethernetif.o
    0x080229d8   0x080229d8   0x00000004   Data   RO         1047    .rti_fn.0           components.o
    0x080229dc   0x080229dc   0x00000004   Data   RO         1048    .rti_fn.0.end       components.o
    0x080229e0   0x080229e0   0x00000004   Data   RO          792    .rti_fn.1           usart.o
    0x080229e4   0x080229e4   0x00000004   Data   RO         1049    .rti_fn.1.end       components.o
    0x080229e8   0x080229e8   0x00000004   Data   RO         1339    .rti_fn.2           dfs.o
    0x080229ec   0x080229ec   0x00000004   Data   RO         2897    .rti_fn.2           ethernetif.o
    0x080229f0   0x080229f0   0x00000004   Data   RO          992    .rti_fn.3           drv_rtc.o
    0x080229f4   0x080229f4   0x00000004   Data   RO         1014    .rti_fn.3           drv_k9f1g08.o
    0x080229f8   0x080229f8   0x00000004   Data   RO         2122    .rti_fn.4           sys_arch.o
    0x080229fc   0x080229fc   0x00000004   Data   RO          636    .rti_fn.5           application.o
    0x08022a00   0x08022a00   0x00000004   Data   RO         1788    .rti_fn.6           shell.o
    0x08022a04   0x08022a04   0x00000004   Data   RO         1050    .rti_fn.6.end       components.o
    0x08022a08   0x08022a08   0x0000000c   Data   RO         1142    FSymTab             mem.o
    0x08022a14   0x08022a14   0x00000090   Data   RO         1824    FSymTab             cmd.o
    0x08022aa4   0x08022aa4   0x00000030   Data   RO         2898    FSymTab             ethernetif.o
    0x08022ad4   0x08022ad4   0x00000020   Data   RO         3416    Region$$Table       anon$$obj.o
    0x08022af4   0x08022af4   0x00000010   Data   RO         1825    VSymTab             cmd.o
    0x08022b04   0x08022b04   0x00000110   Data   RO         3345    locale$$data        c_w.l(lc_ctype_c.o)


    Execution Region RW_IRAM1 (Exec base: 0x20000000, Load base: 0x08022c14, Size: 0x0000e508, Max: 0x00020000, ABSOLUTE, COMPRESSED[0x000000e0])

    Exec Addr    Load Addr    Size         Type   Attr      Idx    E Section Name        Object

    0x20000000   COMPRESSED   0x00000014   Data   RW            3    .data               system_stm32f4xx.o
    0x20000014   COMPRESSED   0x00000010   Data   RW          484    .data               stm32f4xx_rcc.o
    0x20000024   COMPRESSED   0x00000004   Data   RW          751    .data               board.o
    0x20000028   COMPRESSED   0x00000090   Data   RW          791    .data               usart.o
    0x200000b8   COMPRESSED   0x00000015   Data   RW          865    .data               stm32f4xx_eth.o
    0x200000cd   COMPRESSED   0x00000003   PAD
    0x200000d0   COMPRESSED   0x0000000c   Data   RW         1033    .data               clock.o
    0x200000dc   COMPRESSED   0x00000004   Data   RW         1067    .data               idle.o
    0x200000e0   COMPRESSED   0x00000009   Data   RW         1102    .data               irq.o
    0x200000e9   COMPRESSED   0x00000003   PAD
    0x200000ec   COMPRESSED   0x0000000c   Data   RW         1119    .data               kservice.o
    0x200000f8   COMPRESSED   0x00000020   Data   RW         1140    .data               mem.o
    0x20000118   COMPRESSED   0x000000a4   Data   RW         1187    .data               object.o
    0x200001bc   COMPRESSED   0x0000001c   Data   RW         1207    .data               scheduler.o
    0x200001d8   COMPRESSED   0x0000000c   Data   RW         1245    .data               thread.o
    0x200001e4   COMPRESSED   0x00000010   Data   RW         1264    .data               timer.o
    0x200001f4   COMPRESSED   0x00000010   Data   RW         1283    .data               cpuport.o
    0x20000204   COMPRESSED   0x00000008   Data   RW         1338    .data               dfs.o
    0x2000020c   COMPRESSED   0x00000010   Data   RW         1806    .data               symbol.o
    0x2000021c   COMPRESSED   0x00000004   Data   RW         1822    .data               cmd.o
    0x20000220   COMPRESSED   0x00000008   Data   RW         1844    .data               finsh_compiler.o
    0x20000228   COMPRESSED   0x00000040   Data   RW         1882    .data               finsh_error.o
    0x20000268   COMPRESSED   0x00000008   Data   RW         1898    .data               finsh_heap.o
    0x20000270   COMPRESSED   0x00000004   Data   RW         1980    .data               finsh_var.o
    0x20000274   COMPRESSED   0x0000000c   Data   RW         2003    .data               finsh_vm.o
    0x20000280   COMPRESSED   0x00000006   Data   RW         2121    .data               sys_arch.o
    0x20000286   COMPRESSED   0x00000002   PAD
    0x20000288   COMPRESSED   0x00000010   Data   RW         2467    .data               tcpip.o
    0x20000298   COMPRESSED   0x0000000c   Data   RW         2511    .data               dns.o
    0x200002a4   COMPRESSED   0x00000034   Data   RW         2623    .data               memp.o
    0x200002d8   COMPRESSED   0x00000009   Data   RW         2674    .data               netif.o
    0x200002e1   COMPRESSED   0x00000001   Data   RW         2710    .data               pbuf.o
    0x200002e2   COMPRESSED   0x00000002   PAD
    0x200002e4   COMPRESSED   0x00000020   Data   RW         2765    .data               tcp.o
    0x20000304   COMPRESSED   0x00000028   Data   RW         2789    .data               tcp_in.o
    0x2000032c   COMPRESSED   0x0000000c   Data   RW         2829    .data               timeouts.o
    0x20000338   COMPRESSED   0x00000008   Data   RW         2847    .data               udp.o
    0x20000340   COMPRESSED   0x00000001   Data   RW         2942    .data               etharp.o
    0x20000341   COMPRESSED   0x00000001   PAD
    0x20000342   COMPRESSED   0x00000002   Data   RW         2982    .data               ip4.o
    0x20000344   COMPRESSED   0x00000004   Data   RW         3104    .data               c_w.l(stdio_streams.o)
    0x20000348   COMPRESSED   0x00000004   Data   RW         3105    .data               c_w.l(stdio_streams.o)
    0x2000034c   COMPRESSED   0x00000004   Data   RW         3106    .data               c_w.l(stdio_streams.o)
    0x20000350        -       0x00000260   Zero   RW          789    .bss                usart.o
    0x200005b0        -       0x00002504   Zero   RW          863    .bss                stm32f4xx_eth.o
    0x20002ab4        -       0x00000048   Zero   RW          990    .bss                drv_rtc.o
    0x20002afc        -       0x0000009c   Zero   RW         1011    .bss                drv_k9f1g08.o
    0x20002b98        -       0x00000480   Zero   RW         1065    .bss                idle.o
    0x20003018        -       0x00000080   Zero   RW         1117    .bss                kservice.o
    0x20003098        -       0x00000020   Zero   RW         1137    .bss                mem.o
    0x200030b8        -       0x00000100   Zero   RW         1205    .bss                scheduler.o
    0x200031b8        -       0x00000024   Zero   RW         1336    .bss                dfs.o
    0x200031dc        -       0x00001101   Zero   RW         1787    .bss                shell.o
    0x200042dd   COMPRESSED   0x00000003   PAD
    0x200042e0        -       0x00000080   Zero   RW         1897    .bss                finsh_heap.o
    0x20004360        -       0x00000140   Zero   RW         1931    .bss                finsh_node.o
    0x200044a0        -       0x000000c0   Zero   RW         1979    .bss                finsh_var.o
    0x20004560        -       0x00000180   Zero   RW         2002    .bss                finsh_vm.o
    0x200046e0        -       0x00000480   Zero   RW         2509    .bss                dns.o
    0x20004b60        -       0x00000018   Zero   RW         2607    .bss                ip.o
    0x20004b78        -       0x00008abf   Zero   RW         2620    .bss                memp.o
    0x2000d637   COMPRESSED   0x00000001   PAD
    0x2000d638        -       0x00000010   Zero   RW         2787    .bss                tcp_in.o
    0x2000d648        -       0x00000580   Zero   RW         2893    .bss                ethernetif.o
    0x2000dbc8        -       0x000000f0   Zero   RW         2940    .bss                etharp.o
    0x2000dcb8        -       0x00000010   Zero   RW         2999    .bss                ip4_addr.o
    0x2000dcc8        -       0x00000054   Zero   RW         3101    .bss                c_w.l(stdio_streams.o)
    0x2000dd1c        -       0x00000054   Zero   RW         3102    .bss                c_w.l(stdio_streams.o)
    0x2000dd70        -       0x00000054   Zero   RW         3103    .bss                c_w.l(stdio_streams.o)
    0x2000ddc4        -       0x000000e4   Zero   RW         3109    .bss                c_w.l(rand.o)
    0x2000dea8        -       0x00000060   Zero   RW         3238    .bss                c_w.l(libspace.o)
    0x2000df08        -       0x00000200   Zero   RW          629    HEAP                startup_stm32f4xx.o
    0x2000e108        -       0x00000400   Zero   RW          628    STACK               startup_stm32f4xx.o


==============================================================================

Image component sizes


      Code (inc. data)   RO Data    RW Data    ZI Data      Debug   Object Name

         0          0          0          0          0       5467   api_lib.o
         0          0          0          0          0       2991   api_msg.o
        96         24          4          0          0      11865   application.o
       192         14          0          4          0      19697   board.o
       484         56         28         12          0       3574   clock.o
      3404       1298       1024          4          0      12563   cmd.o
        68         12         16          0          0       1876   components.o
       260         26          0          0          0        824   context_rvds.o
       408        190         19         16          0       3835   cpuport.o
       344          4         72          0          0       2906   def.o
       372         88         54          0          0       2660   device.o
       500         42         20          8         36       9625   dfs.o
       452          0          0          0          0       7473   dfs_file.o
       516          0          0          0          0       4207   dfs_posix.o
      2720        216          0         12       1152      16447   dns.o
       808         42         49          0        156       8497   drv_k9f1g08.o
       268         16         16          0         72       2044   drv_rtc.o
        48          0          0          0          0        855   dup.o
         0          0          0          0          0       1500   err.o
      3632        532        139          1        240       9967   etharp.o
       372         62         81          0          0       2420   ethernet.o
      2340        754        359          0       1408       8161   ethernetif.o
      6168        154          0          8          0      11026   finsh_compiler.o
        44         10        243         64          0       1773   finsh_error.o
       528         18          0          8        128       3503   finsh_heap.o
        88          6          0          0          0       1728   finsh_init.o
       388          4          0          0        320       3520   finsh_node.o
      2780         36        196          0          0       8944   finsh_ops.o
      2428         32          0          0          0       9861   finsh_parser.o
      1664         16        126          0          0       6344   finsh_token.o
       412         18          0          4        192       7509   finsh_var.o
       228         34          0         12        384       6592   finsh_vm.o
       792        160         69          0          0       3399   icmp.o
       312         74         22          4       1152       4465   idle.o
       740         16         71          0          0       4900   inet_chksum.o
       140         70         65          0          0       9399   init.o
         0          0          0          0         24       3094   ip.o
      1020         84         68          2          0       4477   ip4.o
       780         28         81          0         16       9646   ip4_addr.o
      5720        418        471          0          0      21455   ipc.o
       124         14          0          9          0       1992   irq.o
      2676        230        290         12        128      12616   kservice.o
      2180        564        358         32         32       9722   mem.o
        56          0          0          0          0       1209   mem_std.o
       908        222        664         52      35519      11036   memp.o
       496         78          0          0          0       2153   misc.o
      2596         26         36          0          0      11831   mtd_nand.o
       614          0          0          0          0       4784   mtdcore.o
         0          0          0          0          0       7388   netbuf.o
       748         46         65          9          0       7873   netif.o
       256         16          0          0          0       5239   netifapi.o
       732        150         94        164          0       7080   object.o
      4536       1218          0          1          0      21715   pbuf.o
         0          0          0          0          0       5700   pipe.o
         0          0          0          0          0       6312   poll.o
      1328         64        192          0          0       4895   ringbuffer.o
       312         10         48          0          0       3488   rtc.o
       764        150         78         28        256       6129   scheduler.o
      1564         48        110          0          0       7549   serial.o
      1500        192          4          0       4353       5282   shell.o
       184         88          0          0          0       1375   startup.o
        64         26        392          0       1536        908   startup_stm32f4xx.o
      5068        352          0          0          0       9073   stm32f4xx_dma.o
      9856        332        136         21       9476      90085   stm32f4xx_eth.o
      3488         80          0          0          0       6927   stm32f4xx_fsmc.o
      2330        136          0          0          0       5529   stm32f4xx_gpio.o
        14          0          0          0          0        752   stm32f4xx_it.o
       580         74          0          0          0       2964   stm32f4xx_pwr.o
      3452        262          0         16          0      13635   stm32f4xx_rcc.o
      6024        114          0          0          0      17560   stm32f4xx_rtc.o
       392         76          0          0          0       1895   stm32f4xx_syscfg.o
      3768        168          0          0          0      10212   stm32f4xx_usart.o
       352         22         27          0          0       5155   stubs.o
         0          0          0         16          0       4317   symbol.o
      1984        368        251          6          0      20838   sys_arch.o
       528         46          0         20          0     276535   system_stm32f4xx.o
      6032       1176        189         32          0      26339   tcp.o
      7744       1134         66         40         16      17421   tcp_in.o
      5264        942        155          0          0      11463   tcp_out.o
       952        228          0         16          0       7486   tcpip.o
      1640        268        170         12          0      10066   thread.o
       792        104         92         12          0       5129   timeouts.o
      1116        100         92         16          0       8191   timer.o
      1440        156          0          8          0       8970   udp.o
      1664        164         73        144        608      38124   usart.o
       444         48         15          0          0       3315   waitqueue.o

    ----------------------------------------------------------------------
    128084      14046       6968        836      57208    1009346   Object Totals
         0          0         32          0          0          0   (incl. Generated)
         6          0         46         11          4          0   (incl. Padding)

    ----------------------------------------------------------------------

      Code (inc. data)   RO Data    RW Data    ZI Data      Debug   Library Member Name

        90          0          0          0          0          0   __dczerorl2.o
         8          0          0          0          0         68   __main.o
       312          4         17          0          0         92   __printf_flags_wp.o
        14          0          0          0          0         68   __printf_wp.o
         0          0          0          0          0          0   __rtentry.o
        12          0          0          0          0          0   __rtentry2.o
         6          0          0          0          0          0   __rtentry4.o
        52          8          0          0          0          0   __scatter.o
        28          0          0          0          0          0   __scatter_zi.o
        28          0          0          0          0         68   _chval.o
         6          0          0          0          0          0   _printf_c.o
        44          0          0          0          0        108   _printf_char.o
        48          6          0          0          0         96   _printf_char_common.o
        36          4          0          0          0         80   _printf_char_file.o
         6          0          0          0          0          0   _printf_d.o
       120         16          0          0          0         92   _printf_dec.o
        88          4         40          0          0         88   _printf_hex_int.o
       178          0          0          0          0         88   _printf_intcommon.o
        78          0          0          0          0        108   _printf_pad.o
         0          0          0          0          0          0   _printf_percent.o
         4          0          0          0          0          0   _printf_percent_end.o
         6          0          0          0          0          0   _printf_s.o
        82          0          0          0          0         80   _printf_str.o
         6          0          0          0          0          0   _printf_x.o
       158          0          0          0          0         92   _strtoul.o
        16          0          0          0          0         68   aeabi_memset.o
        26          0          0          0          0         80   atoi.o
        10          0          0          0          0         68   defsig_exit.o
        50          0          0          0          0         88   defsig_general.o
        52         38          0          0          0         76   defsig_rtred_inner.o
        14          0          0          0          0         80   defsig_rtred_outer.o
        18          0          0          0          0         80   exit.o
        76          0          0          0          0         88   fclose.o
         8          0          0          0          0         68   ferror.o
       100          4          0          0          0        120   fflush.o
        24          0          0          0          0         68   fgetc.o
       570          0          0          0          0        132   filbuf.o
       470          0          0          0          0         88   flsbuf.o
        56          6          0          0          0         80   flushlinebuffered.o
       236          4          0          0          0        128   fopen.o
        26          0          0          0          0         68   fputc.o
       248          6          0          0          0         84   fseek.o
        66          0          0          0          0         76   ftell.o
         4          0          0          0          0         68   getc.o
         6          0          0          0          0        152   heapauxi.o
         4          0          0          0          0        136   hguard.o
       312         46          0          0          0        112   initio.o
        44         10        272          0          0         76   lc_ctype_c.o
         2          0          0          0          0          0   libinit.o
        32          0          0          0          0          0   libinit2.o
         2          0          0          0          0          0   libshutdown.o
         6          0          0          0          0          0   libshutdown2.o
         8          4          0          0         96         68   libspace.o
        88          0          0          0          0         76   memcmp.o
        24          4          0          0          0         84   noretval__2printf.o
         4          0          0          0          0         68   putc.o
       112         18          0          0        228        160   rand.o
        16          4          0          0          0         76   rt_ctype_table.o
         8          4          0          0          0         68   rt_errno_addr_intlibspace.o
         8          4          0          0          0         68   rt_locale_intlibspace.o
        68          0          0          0          0         68   rt_memclr.o
        78          0          0          0          0         80   rt_memclr_w.o
       138          0          0          0          0         68   rt_memcpy_v6.o
       100          0          0          0          0         80   rt_memcpy_w.o
         2          0          0          0          0          0   rtexit.o
        10          0          0          0          0          0   rtexit2.o
        70          0          0          0          0         80   setvbuf.o
       240          6          0          0          0        156   stdio.o
         0          0          0         12        252          0   stdio_streams.o
        24          0          0          0          0         68   strcat.o
       128          0          0          0          0         68   strcmpv7m.o
        72          0          0          0          0         80   strcpy.o
        62          0          0          0          0         76   strlen.o
       150          0          0          0          0         80   strncmp.o
        86          0          0          0          0         76   strncpy.o
       112          0          0          0          0         88   strtol.o
        74          0          0          0          0         80   sys_stackheap_outer.o
         2          0          0          0          0         68   use_no_semi.o
       688        140          0          0          0        256   ddiv.o
        94          4          0          0          0        140   dfix.o
        84          0          0          0          0        232   dflt_clz.o
       340         12          0          0          0        152   dmul.o
       156          4          0          0          0        140   dnaninf.o
        12          0          0          0          0        116   dretinf.o
        10          0          0          0          0        116   fpinit.o
         0          0          0          0          0          0   usenofp.o

    ----------------------------------------------------------------------
      6972        360        332         12        576       6248   Library Totals
        16          0          3          0          0          0   (incl. Padding)

    ----------------------------------------------------------------------

      Code (inc. data)   RO Data    RW Data    ZI Data      Debug   Library Name

      5572        200        329         12        576       5096   c_w.l
      1384        160          0          0          0       1152   fz_wm.l

    ----------------------------------------------------------------------
      6972        360        332         12        576       6248   Library Totals

    ----------------------------------------------------------------------

==============================================================================


      Code (inc. data)   RO Data    RW Data    ZI Data      Debug   

    135056      14406       7300        848      57784     996430   Grand Totals
    135056      14406       7300        224      57784     996430   ELF Image Totals (compressed)
    135056      14406       7300        224          0          0   ROM Totals

==============================================================================

    Total RO  Size (Code + RO Data)               142356 ( 139.02kB)
    Total RW  Size (RW Data + ZI Data)             58632 (  57.26kB)
    Total ROM Size (Code + RO Data + RW Data)     142580 ( 139.24kB)

==============================================================================

