Component: ARM Compiler 5.06 update 5 (build 528) Tool: armlink [4d35e2]

==============================================================================

Section Cross References

    system_stm32f10x.o(.text) refers to system_stm32f10x.o(.data) for SystemCoreClock
    stm32f10x_rcc.o(.text) refers to stm32f10x_rcc.o(.data) for APBAHBPrescTable
    stm32f10x_wwdg.o(.text) refers to stm32f10x_rcc.o(.text) for RCC_APB1PeriphResetCmd
    stm32f10x_pwr.o(.text) refers to stm32f10x_rcc.o(.text) for RCC_APB1PeriphResetCmd
    stm32f10x_bkp.o(.text) refers to stm32f10x_rcc.o(.text) for RCC_BackupResetCmd
    stm32f10x_i2c.o(.text) refers to stm32f10x_rcc.o(.text) for RCC_APB1PeriphResetCmd
    stm32f10x_adc.o(.text) refers to stm32f10x_rcc.o(.text) for RCC_APB2PeriphResetCmd
    stm32f10x_dac.o(.text) refers to stm32f10x_rcc.o(.text) for RCC_APB1PeriphResetCmd
    stm32f10x_tim.o(.text) refers to stm32f10x_rcc.o(.text) for RCC_APB2PeriphResetCmd
    stm32f10x_spi.o(.text) refers to stm32f10x_rcc.o(.text) for RCC_APB2PeriphResetCmd
    stm32f10x_gpio.o(.text) refers to stm32f10x_rcc.o(.text) for RCC_APB2PeriphResetCmd
    stm32f10x_usart.o(.text) refers to stm32f10x_rcc.o(.text) for RCC_APB2PeriphResetCmd
    stm32f10x_can.o(.text) refers to stm32f10x_rcc.o(.text) for RCC_APB1PeriphResetCmd
    stm32f10x_cec.o(.text) refers to stm32f10x_rcc.o(.text) for RCC_APB1PeriphResetCmd
    startup_stm32f10x_md.o(RESET) refers to startup_stm32f10x_md.o(STACK) for __initial_sp
    startup_stm32f10x_md.o(RESET) refers to startup_stm32f10x_md.o(.text) for Reset_Handler
    startup_stm32f10x_md.o(RESET) refers to stm32f10x_it.o(.text) for NMI_Handler
    startup_stm32f10x_md.o(RESET) refers to context_rvds.o(.text) for HardFault_Handler
    startup_stm32f10x_md.o(RESET) refers to board.o(.text) for SysTick_Handler
    startup_stm32f10x_md.o(RESET) refers to usart.o(.text) for USART1_IRQHandler
    startup_stm32f10x_md.o(.text) refers to system_stm32f10x.o(.text) for SystemInit
    startup_stm32f10x_md.o(.text) refers to entry.o(.ARM.Collect$$$$00000000) for __main
    application.o(.text) refers to components.o(.text) for rt_components_init
    application.o(.text) refers to thread.o(.text) for rt_thread_create
    atcmd.o(.text) refers to strncasecmp.o(.text) for strncasecmp
    atcmd.o(.text) refers to strcat.o(.text) for strcat
    atcmd.o(.text) refers to strchr.o(.text) for strchr
    atcmd.o(.text) refers to ef_env.o(.text) for ef_get_env
    atcmd.o(.text) refers to wkparm.o(.text) for wkparm_default
    atcmd.o(.text) refers to strlen.o(.text) for strlen
    atcmd.o(.text) refers to strcpy.o(.text) for strcpy
    net.o(.text) refers to wkparm.o(.text) for wkparm_get
    net.o(.text) refers to memcpya.o(.text) for __aeabi_memcpy4
    net.o(.text) refers to dhcp.o(.text) for getIPfromDHCP
    net.o(.text) refers to wizchip_conf.o(.text) for ctlnetwork
    net.o(.text) refers to w5500.o(.text) for WIZCHIP_READ
    net.o(.text) refers to socket.o(.text) for recvfrom
    net.o(.text) refers to kservice.o(.text) for rt_memcmp
    net.o(.text) refers to atcmd.o(.text) for atcmd_config
    net.o(.text) refers to proto.o(.text) for proto_in
    net.o(.text) refers to time.o(.text) for time
    net.o(.text) refers to sockutil.o(.text) for VerifyIPAddress
    net.o(.text) refers to dns.o(.text) for DNS_run
    net.o(.text) refers to ipc.o(.text) for rt_mutex_take
    net.o(.text) refers to thread.o(.text) for rt_thread_msleep
    net.o(.text) refers to spihandler.o(.text) for W5500_SPI_Init
    net.o(.text) refers to net.o(.data) for _fgservice
    net.o(.text) refers to net.o(.bss) for buffer
    net.o(.text) refers to zaz.o(.data) for zaz_datok
    net.o(.text) refers to zaz.o(.bss) for _chardat
    net.o(.rti_fn.6) refers to net.o(.text) for net_io_init
    proto.o(.text) refers to relay.o(.text) for swv_get
    relay.o(.text) refers to stm32f10x_rcc.o(.text) for RCC_APB2PeriphClockCmd
    relay.o(.text) refers to stm32f10x_gpio.o(.text) for GPIO_Init
    relay.o(.rti_fn.3) refers to relay.o(.text) for relay_init
    startup.o(.text) refers to board.o(.text) for rt_hw_board_init
    startup.o(.text) refers to kservice.o(.text) for rt_show_version
    startup.o(.text) refers to mem.o(.text) for rt_system_heap_init
    startup.o(.text) refers to scheduler.o(.text) for rt_system_scheduler_init
    startup.o(.text) refers to timer.o(.text) for rt_system_timer_init
    startup.o(.text) refers to application.o(.text) for rt_application_init
    startup.o(.text) refers to idle.o(.text) for rt_thread_idle_init
    startup.o(.text) refers to context_rvds.o(.text) for rt_hw_interrupt_disable
    wkparm.o(.text) refers to printf8.o(i.__0sprintf$8) for __2sprintf
    wkparm.o(.text) refers to easyflash.o(.text) for easyflash_init
    wkparm.o(.text) refers to ef_env.o(.text) for ef_get_env
    wkparm.o(.text) refers to sockutil.o(.text) for ATOI
[...]
    .bss                                     0x20000f78   Section      256  scheduler.o(.bss)
    .bss                                     0x20001078   Section       36  dfs.o(.bss)
    fslock                                   0x20001078   Data          36  dfs.o(.bss)
    STACK                                    0x200010a0   Section     1024  startup_stm32f10x_md.o(STACK)

    Global Symbols

    Symbol Name                              Value     Ov Type        Size  Object(Section)

    BuildAttributes$$THM_ISAv4$P$D$K$B$S$PE$A:L22UL41UL21$X:L11$S22US41US21$IEEE1$IW$USESV6$~STKCKD$USESV7$~SHL$OSPACE$ROPI$EBA8$MICROLIB$REQ8$PRES8$EABIv2 0x00000000   Number         0  anon$$obj.o ABSOLUTE
    __ARM_use_no_argv                        0x00000000   Number         0  startup.o ABSOLUTE
    __use_no_errno                           0x00000000   Number         0  useno.o ABSOLUTE
    __use_no_exception_handling              0x00000000   Number         0  useno.o ABSOLUTE
    __use_no_fp                              0x00000000   Number         0  useno.o ABSOLUTE
    __use_no_heap                            0x00000000   Number         0  useno.o ABSOLUTE
    __use_no_heap_region                     0x00000000   Number         0  useno.o ABSOLUTE
    __use_no_semihosting                     0x00000000   Number         0  useno.o ABSOLUTE
    __use_no_semihosting_swi                 0x00000000   Number         0  useno.o ABSOLUTE
    __use_no_signal_handling                 0x00000000   Number         0  useno.o ABSOLUTE
    _printf_a                                0x00000000   Number         0  stubs.o ABSOLUTE
    _printf_c                                0x00000000   Number         0  stubs.o ABSOLUTE
    _printf_charcount                        0x00000000   Number         0  stubs.o ABSOLUTE
    _printf_d                                0x00000000   Number         0  stubs.o ABSOLUTE
    _printf_e                                0x00000000   Number         0  stubs.o ABSOLUTE
    _printf_f                                0x00000000   Number         0  stubs.o ABSOLUTE
    _printf_flags                            0x00000000   Number         0  stubs.o ABSOLUTE
    _printf_fp_dec                           0x00000000   Number         0  stubs.o ABSOLUTE
    _printf_fp_hex                           0x00000000   Number         0  stubs.o ABSOLUTE
    _printf_g                                0x00000000   Number         0  stubs.o ABSOLUTE
    _printf_i                                0x00000000   Number         0  stubs.o ABSOLUTE
    _printf_int_dec                          0x00000000   Number         0  stubs.o ABSOLUTE
    _printf_l                                0x00000000   Number         0  stubs.o ABSOLUTE
    _printf_lc                               0x00000000   Number         0  stubs.o ABSOLUTE
    _printf_ll                               0x00000000   Number         0  stubs.o ABSOLUTE
    _printf_lld                              0x00000000   Number         0  stubs.o ABSOLUTE
    _printf_lli                              0x00000000   Number         0  stubs.o ABSOLUTE
    _printf_llo                              0x00000000   Number         0  stubs.o ABSOLUTE
    _printf_llu                              0x00000000   Number         0  stubs.o ABSOLUTE
    _printf_llx                              0x00000000   Number         0  stubs.o ABSOLUTE
    _printf_longlong_dec                     0x00000000   Number         0  stubs.o ABSOLUTE
    _printf_longlong_hex                     0x00000000   Number         0  stubs.o ABSOLUTE
    _printf_longlong_oct                     0x00000000   Number         0  stubs.o ABSOLUTE
    _printf_ls                               0x00000000   Number         0  stubs.o ABSOLUTE
    _printf_mbtowc                           0x00000000   Number         0  stubs.o ABSOLUTE
    _printf_n                                0x00000000   Number         0  stubs.o ABSOLUTE
    _printf_o                                0x00000000   Number         0  stubs.o ABSOLUTE
    _printf_p                                0x00000000   Number         0  stubs.o ABSOLUTE
    _printf_percent                          0x00000000   Number         0  stubs.o ABSOLUTE
    _printf_pre_padding                      0x00000000   Number         0  stubs.o ABSOLUTE
    _printf_return_value                     0x00000000   Number         0  stubs.o ABSOLUTE
    _printf_s                                0x00000000   Number         0  stubs.o ABSOLUTE
    _printf_sizespec                         0x00000000   Number         0  stubs.o ABSOLUTE
    _printf_str                              0x00000000   Number         0  stubs.o ABSOLUTE
    _printf_truncate_signed                  0x00000000   Number         0  stubs.o ABSOLUTE
    _printf_truncate_unsigned                0x00000000   Number         0  stubs.o ABSOLUTE
    _printf_u                                0x00000000   Number         0  stubs.o ABSOLUTE
    _printf_wc                               0x00000000   Number         0  stubs.o ABSOLUTE
    _printf_wctomb                           0x00000000   Number         0  stubs.o ABSOLUTE
    _printf_widthprec                        0x00000000   Number         0  stubs.o ABSOLUTE
    _printf_x                                0x00000000   Number         0  stubs.o ABSOLUTE
    __cpp_initialize__aeabi_                  - Undefined Weak Reference
    __cxa_finalize                            - Undefined Weak Reference
    _clock_init                               - Undefined Weak Reference
    _microlib_exit                            - Undefined Weak Reference
    __Vectors_Size                           0x000000ec   Number         0  startup_stm32f10x_md.o ABSOLUTE
    __Vectors                                0x08000000   Data           4  startup_stm32f10x_md.o(RESET)
    __Vectors_End                            0x080000ec   Data           0  startup_stm32f10x_md.o(RESET)
    __main                                   0x080000ed   Thumb Code     0  entry.o(.ARM.Collect$$$$00000000)
    _main_stk                                0x080000ed   Thumb Code     0  entry2.o(.ARM.Collect$$$$00000001)
    _main_scatterload                        0x080000f1   Thumb Code     0  entry5.o(.ARM.Collect$$$$00000004)
    __main_after_scatterload                 0x080000f5   Thumb Code     0  entry5.o(.ARM.Collect$$$$00000004)
    _main_clock                              0x080000f5   Thumb Code     0  entry7b.o(.ARM.Collect$$$$00000008)
    _main_cpp_init                           0x080000f5   Thumb Code     0  entry8b.o(.ARM.Collect$$$$0000000A)
    _main_init                               0x080000f5   Thumb Code     0  entry9a.o(.ARM.Collect$$$$0000000B)
    __rt_final_cpp                           0x080000fd   Thumb Code     0  entry10a.o(.ARM.Collect$$$$0000000D)
    __rt_final_exit                          0x080000fd   Thumb Code     0  entry11a.o(.ARM.Collect$$$$0000000F)
    __rt_ffs                                 0x08000101   Thumb Code    16  cpuport.o(.emb_text)
    SystemInit                               0x08000111   Thumb Code   102  system_stm32f10x.o(.text)
    SystemCoreClockUpdate                    0x08000177   Thumb Code   142  system_stm32f10x.o(.text)
    RCC_DeInit                               0x08000221   Thumb Code    64  stm32f10x_rcc.o(.text)
    RCC_HSEConfig                            0x08000261   Thumb Code    70  stm32f10x_rcc.o(.text)
    RCC_GetFlagStatus                        0x080002a7   Thumb Code    56  stm32f10x_rcc.o(.text)
    RCC_WaitForHSEStartUp                    0x080002df   Thumb Code    56  stm32f10x_rcc.o(.text)
    RCC_AdjustHSICalibrationValue            0x08000317   Thumb Code    20  stm32f10x_rcc.o(.text)
    RCC_HSICmd                               0x0800032b   Thumb Code     6  stm32f10x_rcc.o(.text)
    RCC_PLLConfig                            0x08000331   Thumb Code    24  stm32f10x_rcc.o(.text)
    RCC_PLLCmd                               0x08000349   Thumb Code     6  stm32f10x_rcc.o(.text)
    RCC_SYSCLKConfig                         0x0800034f   Thumb Code    18  stm32f10x_rcc.o(.text)
    RCC_GetSYSCLKSource                      0x08000361   Thumb Code    10  stm32f10x_rcc.o(.text)
    RCC_HCLKConfig                           0x0800036b   Thumb Code    18  stm32f10x_rcc.o(.text)
    RCC_PCLK1Config                          0x0800037d   Thumb Code    18  stm32f10x_rcc.o(.text)
    RCC_PCLK2Config                          0x0800038f   Thumb Code    20  stm32f10x_rcc.o(.text)
    RCC_ITConfig                             0x080003a3   Thumb Code    26  stm32f10x_rcc.o(.text)
    RCC_USBCLKConfig                         0x080003bd   Thumb Code     8  stm32f10x_rcc.o(.text)
    RCC_ADCCLKConfig                         0x080003c5   Thumb Code    18  stm32f10x_rcc.o(.text)
    RCC_LSEConfig                            0x080003d7   Thumb Code    50  stm32f10x_rcc.o(.text)
    RCC_LSICmd                               0x08000409   Thumb Code     6  stm32f10x_rcc.o(.text)
    RCC_RTCCLKConfig                         0x0800040f   Thumb Code    12  stm32f10x_rcc.o(.text)
    RCC_RTCCLKCmd                            0x0800041b   Thumb Code     8  stm32f10x_rcc.o(.text)
    RCC_GetClocksFreq                        0x08000423   Thumb Code   192  stm32f10x_rcc.o(.text)
    RCC_AHBPeriphClockCmd                    0x080004e3   Thumb Code    26  stm32f10x_rcc.o(.text)
    RCC_APB2PeriphClockCmd                   0x080004fd   Thumb Code    26  stm32f10x_rcc.o(.text)
    RCC_APB1PeriphClockCmd                   0x08000517   Thumb Code    26  stm32f10x_rcc.o(.text)
    RCC_APB2PeriphResetCmd                   0x08000531   Thumb Code    26  stm32f10x_rcc.o(.text)
    RCC_APB1PeriphResetCmd                   0x0800054b   Thumb Code    26  stm32f10x_rcc.o(.text)
    RCC_BackupResetCmd                       0x08000565   Thumb Code     8  stm32f10x_rcc.o(.text)
    RCC_ClockSecuritySystemCmd               0x0800056d   Thumb Code     6  stm32f10x_rcc.o(.text)
    RCC_MCOConfig                            0x08000573   Thumb Code     6  stm32f10x_rcc.o(.text)
    RCC_ClearFlag                            0x08000579   Thumb Code    14  stm32f10x_rcc.o(.text)
    RCC_GetITStatus                          0x08000587   Thumb Code    20  stm32f10x_rcc.o(.text)
    RCC_ClearITPendingBit                    0x0800059b   Thumb Code     6  stm32f10x_rcc.o(.text)
    SPI_I2S_DeInit                           0x080005c5   Thumb Code    76  stm32f10x_spi.o(.text)
    SPI_Init                                 0x08000611   Thumb Code    60  stm32f10x_spi.o(.text)
    I2S_Init                                 0x0800064d   Thumb Code   226  stm32f10x_spi.o(.text)
    SPI_StructInit                           0x0800072f   Thumb Code    24  stm32f10x_spi.o(.text)
    I2S_StructInit                           0x08000747   Thumb Code    20  stm32f10x_spi.o(.text)
    SPI_Cmd                                  0x0800075b   Thumb Code    24  stm32f10x_spi.o(.text)
    I2S_Cmd                                  0x08000773   Thumb Code    24  stm32f10x_spi.o(.text)
    SPI_I2S_ITConfig                         0x0800078b   Thumb Code    32  stm32f10x_spi.o(.text)
    SPI_I2S_DMACmd                           0x080007ab   Thumb Code    18  stm32f10x_spi.o(.text)
    SPI_I2S_SendData                         0x080007bd   Thumb Code     4  stm32f10x_spi.o(.text)
    SPI_I2S_ReceiveData                      0x080007c1   Thumb Code     6  stm32f10x_spi.o(.text)
    SPI_NSSInternalSoftwareConfig            0x080007c7   Thumb Code    30  stm32f10x_spi.o(.text)
    SPI_SSOutputCmd                          0x080007e5   Thumb Code    24  stm32f10x_spi.o(.text)
    SPI_DataSizeConfig                       0x080007fd   Thumb Code    18  stm32f10x_spi.o(.text)
    SPI_TransmitCRC                          0x0800080f   Thumb Code    10  stm32f10x_spi.o(.text)
    SPI_CalculateCRC                         0x08000819   Thumb Code    24  stm32f10x_spi.o(.text)
    SPI_GetCRC                               0x08000831   Thumb Code    16  stm32f10x_spi.o(.text)
    SPI_GetCRCPolynomial                     0x08000841   Thumb Code     6  stm32f10x_spi.o(.text)
    SPI_BiDirectionalLineConfig              0x08000847   Thumb Code    28  stm32f10x_spi.o(.text)
    SPI_I2S_GetFlagStatus                    0x08000863   Thumb Code    18  stm32f10x_spi.o(.text)
    SPI_I2S_ClearFlag                        0x08000875   Thumb Code     6  stm32f10x_spi.o(.text)
    SPI_I2S_GetITStatus                      0x0800087b   Thumb Code    52  stm32f10x_spi.o(.text)
    SPI_I2S_ClearITPendingBit                0x080008af   Thumb Code    20  stm32f10x_spi.o(.text)
    FLASH_SetLatency                         0x080008d1   Thumb Code    18  stm32f10x_flash.o(.text)
    FLASH_HalfCycleAccessCmd                 0x080008e3   Thumb Code    22  stm32f10x_flash.o(.text)
    FLASH_PrefetchBufferCmd                  0x080008f9   Thumb Code    22  stm32f10x_flash.o(.text)
    FLASH_Unlock                             0x0800090f   Thumb Code    12  stm32f10x_flash.o(.text)
    FLASH_UnlockBank1                        0x0800091b   Thumb Code    12  stm32f10x_flash.o(.text)
    FLASH_Lock                               0x08000927   Thumb Code    14  stm32f10x_flash.o(.text)
    FLASH_LockBank1                          0x08000935   Thumb Code    14  stm32f10x_flash.o(.text)
    FLASH_GetBank1Status                     0x08000943   Thumb Code    48  stm32f10x_flash.o(.text)
    FLASH_WaitForLastOperation               0x08000973   Thumb Code    38  stm32f10x_flash.o(.text)
    FLASH_ErasePage                          0x08000999   Thumb Code    72  stm32f10x_flash.o(.text)
    FLASH_EraseAllPages                      0x080009e1   Thumb Code    68  stm32f10x_flash.o(.text)
    FLASH_WaitForLastBank1Operation          0x08000a25   Thumb Code    38  stm32f10x_flash.o(.text)
    FLASH_EraseAllBank1Pages                 0x08000a4b   Thumb Code    68  stm32f10x_flash.o(.text)
    FLASH_GetReadOutProtectionStatus         0x08000a8f   Thumb Code    20  stm32f10x_flash.o(.text)
    FLASH_EraseOptionBytes                   0x08000aa3   Thumb Code   150  stm32f10x_flash.o(.text)
    FLASH_ProgramWord                        0x08000b39   Thumb Code   102  stm32f10x_flash.o(.text)
    FLASH_ProgramHalfWord                    0x08000b9f   Thumb Code    60  stm32f10x_flash.o(.text)
    FLASH_ProgramOptionByteData              0x08000bdb   Thumb Code    72  stm32f10x_flash.o(.text)
    FLASH_EnableWriteProtection              0x08000c23   Thumb Code   200  stm32f10x_flash.o(.text)
    FLASH_ReadOutProtection                  0x08000ceb   Thumb Code   156  stm32f10x_flash.o(.text)
    FLASH_UserOptionByteConfig               0x08000d87   Thumb Code    88  stm32f10x_flash.o(.text)
    FLASH_GetUserOptionByte                  0x08000ddf   Thumb Code     8  stm32f10x_flash.o(.text)
    FLASH_GetWriteProtectionOptionByte       0x08000de7   Thumb Code     6  stm32f10x_flash.o(.text)
    FLASH_GetPrefetchBufferStatus            0x08000ded   Thumb Code    20  stm32f10x_flash.o(.text)
    FLASH_ITConfig                           0x08000e01   Thumb Code    26  stm32f10x_flash.o(.text)
    FLASH_GetFlagStatus                      0x08000e1b   Thumb Code    42  stm32f10x_flash.o(.text)
    FLASH_ClearFlag                          0x08000e45   Thumb Code     6  stm32f10x_flash.o(.text)
    FLASH_GetStatus                          0x08000e4b   Thumb Code    48  stm32f10x_flash.o(.text)
    GPIO_DeInit                              0x08000e8d   Thumb Code   172  stm32f10x_gpio.o(.text)
    GPIO_AFIODeInit                          0x08000f39   Thumb Code    20  stm32f10x_gpio.o(.text)
    GPIO_Init                                0x08000f4d   Thumb Code   278  stm32f10x_gpio.o(.text)
    GPIO_StructInit                          0x08001063   Thumb Code    16  stm32f10x_gpio.o(.text)
    GPIO_ReadInputDataBit                    0x08001073   Thumb Code    18  stm32f10x_gpio.o(.text)
    GPIO_ReadInputData                       0x08001085   Thumb Code     8  stm32f10x_gpio.o(.text)
    GPIO_ReadOutputDataBit                   0x0800108d   Thumb Code    18  stm32f10x_gpio.o(.text)
    GPIO_ReadOutputData                      0x0800109f   Thumb Code     8  stm32f10x_gpio.o(.text)
    GPIO_SetBits                             0x080010a7   Thumb Code     4  stm32f10x_gpio.o(.text)
    GPIO_ResetBits                           0x080010ab   Thumb Code     4  stm32f10x_gpio.o(.text)
    GPIO_WriteBit                            0x080010af   Thumb Code    10  stm32f10x_gpio.o(.text)
    GPIO_Write                               0x080010b9   Thumb Code     4  stm32f10x_gpio.o(.text)
    GPIO_PinLockConfig                       0x080010bd   Thumb Code    18  stm32f10x_gpio.o(.text)
    GPIO_EventOutputConfig                   0x080010cf   Thumb Code    26  stm32f10x_gpio.o(.text)
    GPIO_EventOutputCmd                      0x080010e9   Thumb Code     6  stm32f10x_gpio.o(.text)
    GPIO_PinRemapConfig                      0x080010ef   Thumb Code   138  stm32f10x_gpio.o(.text)
    GPIO_EXTILineConfig                      0x08001179   Thumb Code    66  stm32f10x_gpio.o(.text)
    GPIO_ETH_MediaInterfaceConfig            0x080011bb   Thumb Code     8  stm32f10x_gpio.o(.text)
    USART_DeInit                             0x080011e9   Thumb Code   134  stm32f10x_usart.o(.text)
    USART_Init                               0x0800126f   Thumb Code   210  stm32f10x_usart.o(.text)
    USART_StructInit                         0x08001341   Thumb Code    24  stm32f10x_usart.o(.text)
    USART_ClockInit                          0x08001359   Thumb Code    34  stm32f10x_usart.o(.text)
    USART_ClockStructInit                    0x0800137b   Thumb Code    12  stm32f10x_usart.o(.text)
    USART_Cmd                                0x08001387   Thumb Code    24  stm32f10x_usart.o(.text)
    USART_ITConfig                           0x0800139f   Thumb Code    74  stm32f10x_usart.o(.text)
    USART_DMACmd                             0x080013e9   Thumb Code    18  stm32f10x_usart.o(.text)
    USART_SetAddress                         0x080013fb   Thumb Code    18  stm32f10x_usart.o(.text)
    USART_WakeUpConfig                       0x0800140d   Thumb Code    18  stm32f10x_usart.o(.text)
    USART_ReceiverWakeUpCmd                  0x0800141f   Thumb Code    24  stm32f10x_usart.o(.text)
    USART_LINBreakDetectLengthConfig         0x08001437   Thumb Code    18  stm32f10x_usart.o(.text)
    USART_LINCmd                             0x08001449   Thumb Code    24  stm32f10x_usart.o(.text)
    USART_SendData                           0x08001461   Thumb Code     8  stm32f10x_usart.o(.text)
    USART_ReceiveData                        0x08001469   Thumb Code    10  stm32f10x_usart.o(.text)
    USART_SendBreak                          0x08001473   Thumb Code    10  stm32f10x_usart.o(.text)
    USART_SetGuardTime                       0x0800147d   Thumb Code    16  stm32f10x_usart.o(.text)
    USART_SetPrescaler                       0x0800148d   Thumb Code    16  stm32f10x_usart.o(.text)
    USART_SmartCardCmd                       0x0800149d   Thumb Code    24  stm32f10x_usart.o(.text)
    USART_SmartCardNACKCmd                   0x080014b5   Thumb Code    24  stm32f10x_usart.o(.text)
    USART_HalfDuplexCmd                      0x080014cd   Thumb Code    24  stm32f10x_usart.o(.text)
    USART_OverSampling8Cmd                   0x080014e5   Thumb Code    22  stm32f10x_usart.o(.text)
    USART_OneBitMethodCmd                    0x080014fb   Thumb Code    24  stm32f10x_usart.o(.text)
    USART_IrDAConfig                         0x08001513   Thumb Code    18  stm32f10x_usart.o(.text)
    USART_IrDACmd                            0x08001525   Thumb Code    24  stm32f10x_usart.o(.text)
    USART_GetFlagStatus                      0x0800153d   Thumb Code    26  stm32f10x_usart.o(.text)
    USART_ClearFlag                          0x08001557   Thumb Code    18  stm32f10x_usart.o(.text)
    USART_GetITStatus                        0x08001569   Thumb Code    84  stm32f10x_usart.o(.text)
    USART_ClearITPendingBit                  0x080015bd   Thumb Code    52  stm32f10x_usart.o(.text)
    NVIC_PriorityGroupConfig                 0x080015f1   Thumb Code    10  misc.o(.text)
    NVIC_Init                                0x080015fb   Thumb Code   100  misc.o(.text)
    NVIC_SetVectorTable                      0x0800165f   Thumb Code    14  misc.o(.text)
    NVIC_SystemLPConfig                      0x0800166d   Thumb Code    34  misc.o(.text)
    SysTick_CLKSourceConfig                  0x0800168f   Thumb Code    40  misc.o(.text)
    Reset_Handler                            0x080016cd   Thumb Code     8  startup_stm32f10x_md.o(.text)
    ADC1_2_IRQHandler                        0x080016e7   Thumb Code     0  startup_stm32f10x_md.o(.text)
    CAN1_RX1_IRQHandler                      0x080016e7   Thumb Code     0  startup_stm32f10x_md.o(.text)
    CAN1_SCE_IRQHandler                      0x080016e7   Thumb Code     0  startup_stm32f10x_md.o(.text)
    DMA1_Channel1_IRQHandler                 0x080016e7   Thumb Code     0  startup_stm32f10x_md.o(.text)
    DMA1_Channel2_IRQHandler                 0x080016e7   Thumb Code     0  startup_stm32f10x_md.o(.text)
    DMA1_Channel3_IRQHandler                 0x080016e7   Thumb Code     0  startup_stm32f10x_md.o(.text)
    DMA1_Channel4_IRQHandler                 0x080016e7   Thumb Code     0  startup_stm32f10x_md.o(.text)
    DMA1_Channel5_IRQHandler                 0x080016e7   Thumb Code     0  startup_stm32f10x_md.o(.text)
    DMA1_Channel6_IRQHandler                 0x080016e7   Thumb Code     0  startup_stm32f10x_md.o(.text)
    DMA1_Channel7_IRQHandler                 0x080016e7   Thumb Code     0  startup_stm32f10x_md.o(.text)
    EXTI0_IRQHandler                         0x080016e7   Thumb Code     0  startup_stm32f10x_md.o(.text)
    EXTI15_10_IRQHandler                     0x080016e7   Thumb Code     0  startup_stm32f10x_md.o(.text)
    EXTI1_IRQHandler                         0x080016e7   Thumb Code     0  startup_stm32f10x_md.o(.text)
    EXTI2_IRQHandler                         0x080016e7   Thumb Code     0  startup_stm32f10x_md.o(.text)
    EXTI3_IRQHandler                         0x080016e7   Thumb Code     0  startup_stm32f10x_md.o(.text)
    EXTI4_IRQHandler                         0x080016e7   Thumb Code     0  startup_stm32f10x_md.o(.text)
    EXTI9_5_IRQHandler                       0x080016e7   Thumb Code     0  startup_stm32f10x_md.o(.text)
    FLASH_IRQHandler                         0x080016e7   Thumb Code     0  startup_stm32f10x_md.o(.text)
    I2C1_ER_IRQHandler                       0x080016e7   Thumb Code     0  startup_stm32f10x_md.o(.text)
    I2C1_EV_IRQHandler                       0x080016e7   Thumb Code     0  startup_stm32f10x_md.o(.text)
    I2C2_ER_IRQHandler                       0x080016e7   Thumb Code     0  startup_stm32f10x_md.o(.text)
    I2C2_EV_IRQHandler                       0x080016e7   Thumb Code     0  startup_stm32f10x_md.o(.text)
    PVD_IRQHandler                           0x080016e7   Thumb Code     0  startup_stm32f10x_md.o(.text)
    RCC_IRQHandler                           0x080016e7   Thumb Code     0  startup_stm32f10x_md.o(.text)
    RTCAlarm_IRQHandler                      0x080016e7   Thumb Code     0  startup_stm32f10x_md.o(.text)
    RTC_IRQHandler                           0x080016e7   Thumb Code     0  startup_stm32f10x_md.o(.text)
    SPI1_IRQHandler                          0x080016e7   Thumb Code     0  startup_stm32f10x_md.o(.text)
    SPI2_IRQHandler                          0x080016e7   Thumb Code     0  startup_stm32f10x_md.o(.text)
    TAMPER_IRQHandler                        0x080016e7   Thumb Code     0  startup_stm32f10x_md.o(.text)
    TIM1_BRK_IRQHandler                      0x080016e7   Thumb Code     0  startup_stm32f10x_md.o(.text)
    TIM1_CC_IRQHandler                       0x080016e7   Thumb Code     0  startup_stm32f10x_md.o(.text)
    TIM1_TRG_COM_IRQHandler                  0x080016e7   Thumb Code     0  startup_stm32f10x_md.o(.text)
    TIM1_UP_IRQHandler                       0x080016e7   Thumb Code     0  startup_stm32f10x_md.o(.text)
    TIM2_IRQHandler                          0x080016e7   Thumb Code     0  startup_stm32f10x_md.o(.text)
    TIM3_IRQHandler                          0x080016e7   Thumb Code     0  startup_stm32f10x_md.o(.text)
    TIM4_IRQHandler                          0x080016e7   Thumb Code     0  startup_stm32f10x_md.o(.text)
    USBWakeUp_IRQHandler                     0x080016e7   Thumb Code     0  startup_stm32f10x_md.o(.text)
    WWDG_IRQHandler                          0x080016e7   Thumb Code     0  startup_stm32f10x_md.o(.text)
    rt_init_thread_entry                     0x080016f1   Thumb Code    10  application.o(.text)
    rt_application_init                      0x080016fb   Thumb Code    38  application.o(.text)
    atcmd_config                             0x08001729   Thumb Code   978  atcmd.o(.text)
    getipbyname                              0x08001efb   Thumb Code    34  net.o(.text)
    net_io_init                              0x0800205f   Thumb Code    84  net.o(.text)
    proto_swap16                             0x0800210d   Thumb Code    12  proto.o(.text)
    proto_chksum                             0x08002119   Thumb Code    32  proto.o(.text)
    proto_drctrl_rsp                         0x0800215d   Thumb Code    42  proto.o(.text)
    proto_in                                 0x08002227   Thumb Code   194  proto.o(.text)
    relay_init                               0x080022e9   Thumb Code    42  relay.o(.text)
    swv_init                                 0x08002313   Thumb Code    40  relay.o(.text)
    swv_get                                  0x0800233b   Thumb Code    74  relay.o(.text)
    relay_get                                0x08002385   Thumb Code    86  relay.o(.text)
    relay_set                                0x080023db   Thumb Code    80  relay.o(.text)
    assert_failed                            0x08002435   Thumb Code     4  startup.o(.text)
    rtthread_startup                         0x08002439   Thumb Code    44  startup.o(.text)
    main                                     0x08002465   Thumb Code    14  startup.o(.text)
    make_macstr                              0x0800247d   Thumb Code    36  wkparm.o(.text)
    wkparm_init                              0x080024a1   Thumb Code   254  wkparm.o(.text)
    wkparm_default                           0x0800259f   Thumb Code   154  wkparm.o(.text)
    strtomac                                 0x08002639   Thumb Code    48  wkparm.o(.text)
    wkparm_savedip                           0x08002669   Thumb Code    64  wkparm.o(.text)
    wkparm_get                               0x080026a9   Thumb Code   206  wkparm.o(.text)
    zaz_init                                 0x08002ca3   Thumb Code    70  zaz.o(.text)
    NVIC_Configuration                       0x08002d15   Thumb Code    14  board.o(.text)
    SysTick_Handler                          0x08002d23   Thumb Code    16  board.o(.text)
    rt_hw_board_init                         0x08002d33   Thumb Code    94  board.o(.text)
    NMI_Handler                              0x08002d9d   Thumb Code     2  stm32f10x_it.o(.text)
    MemManage_Handler                        0x08002d9f   Thumb Code     4  stm32f10x_it.o(.text)
    BusFault_Handler                         0x08002da3   Thumb Code     4  stm32f10x_it.o(.text)
    UsageFault_Handler                       0x08002da7   Thumb Code     4  stm32f10x_it.o(.text)
    SVC_Handler                              0x08002dab   Thumb Code     2  stm32f10x_it.o(.text)
    DebugMon_Handler                         0x08002dad   Thumb Code     2  stm32f10x_it.o(.text)
    USB_LP_CAN1_RX0_IRQHandler               0x08002daf   Thumb Code     2  stm32f10x_it.o(.text)
    USB_HP_CAN1_TX_IRQHandler                0x08002db1   Thumb Code     2  stm32f10x_it.o(.text)
    rt_hw_led_init                           0x08002db5   Thumb Code    38  led.o(.text)
    rt_hw_led_on                             0x08002ddb   Thumb Code    40  led.o(.text)
    rt_hw_led_off                            0x08002e03   Thumb Code    40  led.o(.text)
    USART1_IRQHandler                        0x0800305d   Thumb Code    18  usart.o(.text)
    USART2_IRQHandler                        0x0800306f   Thumb Code    18  usart.o(.text)
    USART3_IRQHandler                        0x08003081   Thumb Code    18  usart.o(.text)
    rt_hw_usart_init                         0x0800316f   Thumb Code    92  usart.o(.text)
    Delay                                    0x08003241   Thumb Code    18  spihandler.o(.text)
    wizchip_rw                               0x08003253   Thumb Code    78  spihandler.o(.text)
    wizchip_select                           0x080032a1   Thumb Code    12  spihandler.o(.text)
    wizchip_deselect                         0x080032ad   Thumb Code    12  spihandler.o(.text)
    wizchip_write                            0x080032b9   Thumb Code    12  spihandler.o(.text)
    wizchip_read                             0x080032c5   Thumb Code    10  spihandler.o(.text)
    W5500_SPI_Init                           0x080032cf   Thumb Code   138  spihandler.o(.text)
    W5500_Init                               0x0800339d   Thumb Code    70  spihandler.o(.text)
    easyflash_init                           0x080033f5   Thumb Code    60  easyflash.o(.text)
    ef_save_env                              0x080034f5   Thumb Code   128  ef_env.o(.text)
    ef_env_set_default                       0x08003701   Thumb Code   120  ef_env.o(.text)
    ef_load_env                              0x0800379b   Thumb Code   124  ef_env.o(.text)
    ef_env_init                              0x08003817   Thumb Code   702  ef_env.o(.text)
    ef_get_env_write_bytes                   0x08003ad5   Thumb Code     8  ef_env.o(.text)
    ef_set_env                               0x08003b87   Thumb Code   118  ef_env.o(.text)
    ef_get_env                               0x08003bfd   Thumb Code    56  ef_env.o(.text)
    ef_print_env                             0x08003c35   Thumb Code   104  ef_env.o(.text)
    ef_set_and_save_env                      0x08003c9d   Thumb Code    30  ef_env.o(.text)
    ef_calc_crc32                            0x08003da1   Thumb Code    40  ef_utils.o(.text)
    ef_port_init                             0x08003dcd   Thumb Code    32  ef_port.o(.text)
    ef_print                                 0x08003ded   Thumb Code    28  ef_port.o(.text)
    ef_log_debug                             0x08003e09   Thumb Code    50  ef_port.o(.text)
    ef_port_read                             0x08003e3b   Thumb Code    56  ef_port.o(.text)
    ef_port_erase                            0x08003e73   Thumb Code   108  ef_port.o(.text)
    ef_port_write                            0x08003edf   Thumb Code   100  ef_port.o(.text)
    ef_port_env_lock                         0x08003f43   Thumb Code    14  ef_port.o(.text)
    ef_port_env_unlock                       0x08003f51   Thumb Code    10  ef_port.o(.text)
    ef_log_info                              0x08003f5b   Thumb Code    42  ef_port.o(.text)
    closesock                                0x08004035   Thumb Code   142  socket.o(.text)
    socket                                   0x080040c3   Thumb Code   384  socket.o(.text)
    listen                                   0x08004243   Thumb Code   158  socket.o(.text)
    connect                                  0x080042e1   Thumb Code   342  socket.o(.text)
    disconnect                               0x08004437   Thumb Code   202  socket.o(.text)
    send                                     0x08004501   Thumb Code   374  socket.o(.text)
    recv                                     0x08004677   Thumb Code   282  socket.o(.text)
    sendto                                   0x08004791   Thumb Code   522  socket.o(.text)
    recvfrom                                 0x0800499b   Thumb Code   614  socket.o(.text)
    ctlsocket                                0x08004c01   Thumb Code   306  socket.o(.text)
    setsockopt                               0x08004d33   Thumb Code   398  socket.o(.text)
    getsockopt                               0x08004ec1   Thumb Code   398  socket.o(.text)
    wizchip_cris_enter                       0x08005059   Thumb Code     2  wizchip_conf.o(.text)
    wizchip_cris_exit                        0x0800505b   Thumb Code     2  wizchip_conf.o(.text)
    wizchip_cs_select                        0x0800505d   Thumb Code     2  wizchip_conf.o(.text)
    wizchip_cs_deselect                      0x0800505f   Thumb Code     2  wizchip_conf.o(.text)
    wizchip_bus_readdata                     0x08005061   Thumb Code     6  wizchip_conf.o(.text)
    wizchip_bus_writedata                    0x08005067   Thumb Code     4  wizchip_conf.o(.text)
    wizchip_spi_readbyte                     0x0800506b   Thumb Code     4  wizchip_conf.o(.text)
    wizchip_spi_writebyte                    0x0800506f   Thumb Code     2  wizchip_conf.o(.text)
    wizchip_spi_readburst                    0x08005071   Thumb Code     2  wizchip_conf.o(.text)
    wizchip_spi_writeburst                   0x08005073   Thumb Code     2  wizchip_conf.o(.text)
    reg_wizchip_cris_cbfunc                  0x08005075   Thumb Code    30  wizchip_conf.o(.text)
    reg_wizchip_cs_cbfunc                    0x08005093   Thumb Code    30  wizchip_conf.o(.text)
    reg_wizchip_bus_cbfunc                   0x080050b1   Thumb Code    44  wizchip_conf.o(.text)
    reg_wizchip_spi_cbfunc                   0x080050dd   Thumb Code    44  wizchip_conf.o(.text)
    reg_wizchip_spiburst_cbfunc              0x08005109   Thumb Code    42  wizchip_conf.o(.text)
    wizphy_getphylink                        0x08005133   Thumb Code    26  wizchip_conf.o(.text)
    wizphy_getphypmode                       0x0800514d   Thumb Code    28  wizchip_conf.o(.text)
    wizphy_reset                             0x08005169   Thumb Code    52  wizchip_conf.o(.text)
    wizphy_setphypmode                       0x0800519d   Thumb Code   100  wizchip_conf.o(.text)
    wizphy_getphyconf                        0x08005201   Thumb Code   120  wizchip_conf.o(.text)
    wizphy_setphyconf                        0x08005279   Thumb Code    88  wizchip_conf.o(.text)
    wizchip_getinterruptmask                 0x080052d1   Thumb Code    40  wizchip_conf.o(.text)
    wizchip_setinterruptmask                 0x080052f9   Thumb Code    30  wizchip_conf.o(.text)
    wizchip_getinterrupt                     0x08005317   Thumb Code    42  wizchip_conf.o(.text)
    wizchip_clrinterrupt                     0x08005341   Thumb Code    32  wizchip_conf.o(.text)
    wizchip_sw_reset                         0x08005361   Thumb Code   114  wizchip_conf.o(.text)
    wizchip_init                             0x080053d3   Thumb Code   150  wizchip_conf.o(.text)
    ctlwizchip                               0x08005469   Thumb Code   276  wizchip_conf.o(.text)
    wizchip_gettimeout                       0x0800557d   Thumb Code    40  wizchip_conf.o(.text)
    wizchip_settimeout                       0x080055a5   Thumb Code    38  wizchip_conf.o(.text)
    wizchip_getnetmode                       0x080055cb   Thumb Code    10  wizchip_conf.o(.text)
    wizchip_setnetmode                       0x080055d5   Thumb Code    38  wizchip_conf.o(.text)
    wizchip_getnetinfo                       0x080055fb   Thumb Code    82  wizchip_conf.o(.text)
    wizchip_setnetinfo                       0x0800564d   Thumb Code    80  wizchip_conf.o(.text)
    ctlnetwork                               0x0800569d   Thumb Code    80  wizchip_conf.o(.text)
    wizphy_getphystat                        0x080056ed   Thumb Code    28  wizchip_conf.o(.text)
    WIZCHIP_READ                             0x08005715   Thumb Code   112  w5500.o(.text)
    WIZCHIP_WRITE                            0x08005785   Thumb Code   112  w5500.o(.text)
    WIZCHIP_READ_BUF                         0x080057f5   Thumb Code   136  w5500.o(.text)
    WIZCHIP_WRITE_BUF                        0x0800587d   Thumb Code   132  w5500.o(.text)
    getSn_TX_FSR                             0x08005901   Thumb Code   108  w5500.o(.text)
    getSn_RX_RSR                             0x0800596d   Thumb Code   108  w5500.o(.text)
    wiz_send_data                            0x080059d9   Thumb Code   132  w5500.o(.text)
    wiz_recv_data                            0x08005a5d   Thumb Code   132  w5500.o(.text)
    wiz_recv_ignore                          0x08005ae1   Thumb Code   110  w5500.o(.text)
    default_ip_assign                        0x08005b51   Thumb Code    38  dhcp.o(.text)
    default_ip_update                        0x08005b77   Thumb Code    34  dhcp.o(.text)
    default_ip_conflict                      0x08005b99   Thumb Code    30  dhcp.o(.text)
    reg_dhcp_cbfunc                          0x08005bb7   Thumb Code    46  dhcp.o(.text)
    makeDHCPMSG                              0x08005be5   Thumb Code   386  dhcp.o(.text)
    send_DHCP_DISCOVER                       0x08005d67   Thumb Code   572  dhcp.o(.text)
    send_DHCP_REQUEST                        0x08005fa3   Thumb Code   886  dhcp.o(.text)
    send_DHCP_DECLINE                        0x08006319   Thumb Code   522  dhcp.o(.text)
    parseDHCPMSG                             0x08006523   Thumb Code   454  dhcp.o(.text)
    reset_DHCP_timeout                       0x080066e9   Thumb Code    20  dhcp.o(.text)
    check_DHCP_timeout                       0x080066fd   Thumb Code   208  dhcp.o(.text)
    check_DHCP_leasedIP                      0x080067cd   Thumb Code    88  dhcp.o(.text)
    DHCP_run                                 0x08006825   Thumb Code   424  dhcp.o(.text)
    DHCP_stop                                0x080069cd   Thumb Code    18  dhcp.o(.text)
    DHCP_init                                0x080069df   Thumb Code   150  dhcp.o(.text)
    DHCP_time_handler                        0x08006a75   Thumb Code    12  dhcp.o(.text)
    getIPfromDHCP                            0x08006a81   Thumb Code    26  dhcp.o(.text)
    getGWfromDHCP                            0x08006a9b   Thumb Code    26  dhcp.o(.text)
    getSNfromDHCP                            0x08006ab5   Thumb Code    26  dhcp.o(.text)
    getDNSfromDHCP                           0x08006acf   Thumb Code    26  dhcp.o(.text)
    getDHCPLeasetime                         0x08006ae9   Thumb Code     6  dhcp.o(.text)
    get16                                    0x08006b49   Thumb Code    16  dns.o(.text)
    put16                                    0x08006b59   Thumb Code    12  dns.o(.text)
    parse_name                               0x08006b65   Thumb Code   150  dns.o(.text)
    dns_question                             0x08006bfb   Thumb Code    42  dns.o(.text)
    dns_answer                               0x08006c25   Thumb Code   256  dns.o(.text)
    parseDNSMSG                              0x08006d25   Thumb Code   250  dns.o(.text)
    dns_makequery                            0x08006e1f   Thumb Code   220  dns.o(.text)
    check_DNS_timeout                        0x08006efb   Thumb Code    66  dns.o(.text)
    DNS_init                                 0x08006f3d   Thumb Code    18  dns.o(.text)
    DNS_run                                  0x08006f4f   Thumb Code   182  dns.o(.text)
    DNS_time_handler                         0x08007005   Thumb Code    12  dns.o(.text)
    C2D                                      0x08007025   Thumb Code    54  sockutil.o(.text)
    ATOI                                     0x0800705b   Thumb Code    32  sockutil.o(.text)
    inet_addr_                               0x0800707b   Thumb Code    90  sockutil.o(.text)
    ValidATOI                                0x080070d5   Thumb Code    72  sockutil.o(.text)
    VerifyIPAddress                          0x0800711d   Thumb Code   138  sockutil.o(.text)
    rt_system_tick_init                      0x080071ad   Thumb Code     2  clock.o(.text)
    rt_tick_get                              0x080071af   Thumb Code     6  clock.o(.text)
    rt_tick_set                              0x080071b5   Thumb Code    22  clock.o(.text)
    rt_tick_increase                         0x080071f5   Thumb Code    46  clock.o(.text)
    rt_tick_from_millisecond                 0x08007223   Thumb Code    30  clock.o(.text)
    rt_tick_hw_getval                        0x08007241   Thumb Code    14  clock.o(.text)
    clock_gettime                            0x0800724f   Thumb Code    42  clock.o(.text)
    clock_settime                            0x08007279   Thumb Code    94  clock.o(.text)
    rt_components_board_init                 0x08007395   Thumb Code    20  components.o(.text)
    rt_components_init                       0x080073a9   Thumb Code    20  components.o(.text)
    rt_thread_idle_excute                    0x080073c9   Thumb Code   146  idle.o(.text)
    rt_thread_idle_init                      0x08007463   Thumb Code    38  idle.o(.text)
    rt_thread_idle_gethandler                0x08007489   Thumb Code     4  idle.o(.text)
    rt_sem_init                              0x08007569   Thumb Code    50  ipc.o(.text)
    rt_sem_detach                            0x0800759b   Thumb Code    34  ipc.o(.text)
    rt_sem_create                            0x080075bd   Thumb Code    76  ipc.o(.text)
    rt_sem_delete                            0x08007609   Thumb Code    70  ipc.o(.text)
    rt_sem_take                              0x0800764f   Thumb Code   214  ipc.o(.text)
    rt_sem_trytake                           0x08007725   Thumb Code    14  ipc.o(.text)
    rt_sem_release                           0x08007733   Thumb Code    62  ipc.o(.text)
    rt_sem_control                           0x08007771   Thumb Code    68  ipc.o(.text)
    rt_mutex_init                            0x080077b5   Thumb Code    58  ipc.o(.text)
    rt_mutex_detach                          0x080077ef   Thumb Code    36  ipc.o(.text)
    rt_mutex_create                          0x08007813   Thumb Code    88  ipc.o(.text)
    rt_mutex_delete                          0x0800786b   Thumb Code    70  ipc.o(.text)
    rt_mutex_take                            0x080078b1   Thumb Code   378  ipc.o(.text)
    rt_mutex_release                         0x08007a2b   Thumb Code   234  ipc.o(.text)
    rt_mutex_control                         0x08007b15   Thumb Code     8  ipc.o(.text)
    rt_event_init                            0x08007b1d   Thumb Code    46  ipc.o(.text)
    rt_event_detach                          0x08007b4b   Thumb Code    36  ipc.o(.text)
    rt_event_create                          0x08007b6f   Thumb Code    78  ipc.o(.text)
    rt_event_delete                          0x08007bbd   Thumb Code    72  ipc.o(.text)
    rt_event_send                            0x08007c05   Thumb Code   192  ipc.o(.text)
    rt_event_recv                            0x08007cc5   Thumb Code   322  ipc.o(.text)
    rt_event_control                         0x08007e07   Thumb Code   122  ipc.o(.text)
    rt_mb_init                               0x08007e81   Thumb Code    76  ipc.o(.text)
    rt_mb_detach                             0x08007ecd   Thumb Code    44  ipc.o(.text)
    rt_mb_create                             0x08007ef9   Thumb Code   118  ipc.o(.text)
    rt_mb_delete                             0x08007f6f   Thumb Code    86  ipc.o(.text)
    rt_mb_send_wait                          0x08007fc5   Thumb Code   336  ipc.o(.text)
    rt_mb_send                               0x08008115   Thumb Code    18  ipc.o(.text)
    rt_mb_recv                               0x08008127   Thumb Code   374  ipc.o(.text)
    rt_mb_control                            0x0800829d   Thumb Code    82  ipc.o(.text)
    rt_mq_init                               0x080082ef   Thumb Code   118  ipc.o(.text)
    rt_mq_detach                             0x08008365   Thumb Code    36  ipc.o(.text)
    rt_mq_delete                             0x08008389   Thumb Code    78  ipc.o(.text)
    rt_mq_create                             0x080083d7   Thumb Code   164  ipc.o(.text)
    rt_mq_send                               0x0800847b   Thumb Code   182  ipc.o(.text)
    rt_mq_urgent                             0x08008531   Thumb Code   174  ipc.o(.text)
    rt_mq_recv                               0x080085df   Thumb Code   456  ipc.o(.text)
    rt_mq_control                            0x080087a7   Thumb Code    98  ipc.o(.text)
    rt_interrupt_enter                       0x0800884d   Thumb Code    30  irq.o(.text)
    rt_interrupt_leave                       0x0800886b   Thumb Code    30  irq.o(.text)
    rt_interrupt_get_nest                    0x08008889   Thumb Code     6  irq.o(.text)
    rt_get_errno                             0x08008895   Thumb Code    32  kservice.o(.text)
    rt_set_errno                             0x080088b5   Thumb Code    36  kservice.o(.text)
    _rt_errno                                0x080088d9   Thumb Code    30  kservice.o(.text)
    rt_memset                                0x080088f7   Thumb Code    72  kservice.o(.text)
    rt_memcpy                                0x0800893f   Thumb Code   124  kservice.o(.text)
    rt_memmove                               0x080089bb   Thumb Code    66  kservice.o(.text)
    rt_memcmp                                0x080089fd   Thumb Code    38  kservice.o(.text)
    rt_strlen                                0x08008a23   Thumb Code    18  kservice.o(.text)
    rt_strstr                                0x08008a35   Thumb Code    58  kservice.o(.text)
    rt_strcasecmp                            0x08008a6f   Thumb Code    48  kservice.o(.text)
    rt_strncpy                               0x08008a9f   Thumb Code    52  kservice.o(.text)
    rt_strncmp                               0x08008ad3   Thumb Code    40  kservice.o(.text)
    rt_strcmp                                0x08008afb   Thumb Code    28  kservice.o(.text)
    rt_strnlen                               0x08008b17   Thumb Code    24  kservice.o(.text)
    rt_strdup                                0x08008b2f   Thumb Code    40  kservice.o(.text)
    rt_show_version                          0x08008b57   Thumb Code     2  kservice.o(.text)
    rt_vsnprintf                             0x08008d0f   Thumb Code   800  kservice.o(.text)
    rt_snprintf                              0x0800902f   Thumb Code    38  kservice.o(.text)
    rt_vsprintf                              0x08009055   Thumb Code    22  kservice.o(.text)
    rt_sprintf                               0x0800906b   Thumb Code    34  kservice.o(.text)
    rt_console_register                      0x0800908d   Thumb Code     2  kservice.o(.text)
    rt_malloc_align                          0x0800908f   Thumb Code    66  kservice.o(.text)
    rt_free_align                            0x080090d1   Thumb Code    16  kservice.o(.text)
    rt_assert_set_hook                       0x080090e1   Thumb Code     6  kservice.o(.text)
    rt_assert_handler                        0x080090e7   Thumb Code    44  kservice.o(.text)
    rt_system_heap_init                      0x080091c1   Thumb Code   182  mem.o(.text)
    rt_malloc                                0x08009277   Thumb Code   490  mem.o(.text)
    rt_free                                  0x08009461   Thumb Code   538  mem.o(.text)
    rt_realloc                               0x0800967b   Thumb Code   314  mem.o(.text)
    rt_calloc                                0x080097b5   Thumb Code    74  mem.o(.text)
    rt_memory_info                           0x080097ff   Thumb Code    26  mem.o(.text)
    rt_system_object_init                    0x0800987d   Thumb Code     2  object.o(.text)
    rt_object_get_information                0x0800987f   Thumb Code    10  object.o(.text)
    rt_object_init                           0x08009889   Thumb Code    58  object.o(.text)
    rt_object_detach                         0x080098c3   Thumb Code    38  object.o(.text)
    rt_object_allocate                       0x080098e9   Thumb Code   106  object.o(.text)
    rt_object_delete                         0x08009953   Thumb Code    66  object.o(.text)
    rt_object_is_systemobject                0x08009995   Thumb Code    34  object.o(.text)
    rt_object_find                           0x080099b7   Thumb Code   118  object.o(.text)
    rt_system_scheduler_init                 0x08009ac7   Thumb Code    56  scheduler.o(.text)
    rt_system_scheduler_start                0x08009aff   Thumb Code    36  scheduler.o(.text)
    rt_schedule                              0x08009b23   Thumb Code   134  scheduler.o(.text)
    rt_schedule_insert_thread                0x08009ba9   Thumb Code    82  scheduler.o(.text)
    rt_schedule_remove_thread                0x08009bfb   Thumb Code    94  scheduler.o(.text)
    rt_enter_critical                        0x08009c59   Thumb Code    28  scheduler.o(.text)
    rt_exit_critical                         0x08009c75   Thumb Code    54  scheduler.o(.text)
    rt_critical_level                        0x08009cab   Thumb Code     8  scheduler.o(.text)
    rt_thread_exit                           0x08009d15   Thumb Code    76  thread.o(.text)
    rt_thread_timeout                        0x08009d61   Thumb Code    70  thread.o(.text)
    rt_thread_init                           0x08009e35   Thumb Code    74  thread.o(.text)
    rt_thread_self                           0x08009e7f   Thumb Code     6  thread.o(.text)
    rt_thread_resume                         0x08009e85   Thumb Code    82  thread.o(.text)
    rt_thread_startup                        0x08009ed7   Thumb Code    88  thread.o(.text)
    rt_thread_detach                         0x08009f2f   Thumb Code    84  thread.o(.text)
    rt_thread_create                         0x08009f83   Thumb Code    80  thread.o(.text)
    rt_thread_delete                         0x08009fd3   Thumb Code    74  thread.o(.text)
    rt_thread_yield                          0x0800a01d   Thumb Code    92  thread.o(.text)
    rt_thread_suspend                        0x0800a079   Thumb Code    80  thread.o(.text)
    rt_thread_sleep                          0x0800a0c9   Thumb Code   322  thread.o(.text)
    rt_thread_delay                          0x0800a20b   Thumb Code    12  thread.o(.text)
    rt_thread_msleep                         0x0800a217   Thumb Code    20  thread.o(.text)
    rt_thread_control                        0x0800a22b   Thumb Code   134  thread.o(.text)
    rt_thread_find                           0x0800a2b1   Thumb Code    76  thread.o(.text)
    rt_timer_init                            0x0800a39f   Thumb Code    58  timer.o(.text)
    rt_timer_detach                          0x0800a3d9   Thumb Code    44  timer.o(.text)
    rt_timer_create                          0x0800a405   Thumb Code    54  timer.o(.text)
    rt_timer_delete                          0x0800a43b   Thumb Code    46  timer.o(.text)
    rt_timer_start                           0x0800a469   Thumb Code   274  timer.o(.text)
    rt_timer_stop                            0x0800a57b   Thumb Code    62  timer.o(.text)
    rt_timer_control                         0x0800a5b9   Thumb Code    76  timer.o(.text)
    rt_timer_check                           0x0800a605   Thumb Code   130  timer.o(.text)
    rt_timer_next_timeout_tick               0x0800a687   Thumb Code    10  timer.o(.text)
    rt_system_timer_init                     0x0800a691   Thumb Code    24  timer.o(.text)
    rt_system_timer_thread_init              0x0800a6a9   Thumb Code     2  timer.o(.text)
    rt_hw_stack_init                         0x0800a719   Thumb Code    70  cpuport.o(.text)
    rt_hw_exception_install                  0x0800a75f   Thumb Code     6  cpuport.o(.text)
    rt_hw_hard_fault_exception               0x0800a765   Thumb Code    32  cpuport.o(.text)
    rt_hw_cpu_shutdown                       0x0800a785   Thumb Code    16  cpuport.o(.text)
    rt_hw_interrupt_disable                  0x0800a7a5   Thumb Code     8  context_rvds.o(.text)
    rt_hw_interrupt_enable                   0x0800a7ad   Thumb Code     6  context_rvds.o(.text)
    rt_hw_context_switch                     0x0800a7b3   Thumb Code    32  context_rvds.o(.text)
    rt_hw_context_switch_interrupt           0x0800a7b3   Thumb Code     0  context_rvds.o(.text)
    PendSV_Handler                           0x0800a7d3   Thumb Code    60  context_rvds.o(.text)
    rt_hw_context_switch_to                  0x0800a80f   Thumb Code    58  context_rvds.o(.text)
    rt_hw_interrupt_thread_switch            0x0800a849   Thumb Code     2  context_rvds.o(.text)
    HardFault_Handler                        0x0800a84b   Thumb Code    48  context_rvds.o(.text)
    dfs_init                                 0x0800a895   Thumb Code    24  dfs.o(.text)
    dfs_lock                                 0x0800a8ad   Thumb Code    28  dfs.o(.text)
    dfs_unlock                               0x0800a8c9   Thumb Code    10  dfs.o(.text)
    dfs_fdtable_get                          0x0800a975   Thumb Code     4  dfs.o(.text)
    fd_new                                   0x0800a979   Thumb Code    66  dfs.o(.text)
    fd_get                                   0x0800a9bb   Thumb Code    66  dfs.o(.text)
    fd_put                                   0x0800a9fd   Thumb Code    44  dfs.o(.text)
    fd_free                                  0x0800aa29   Thumb Code    54  dfs.o(.text)
    dfs_file_open                            0x0800aab3   Thumb Code    96  dfs_file.o(.text)
    dfs_file_close                           0x0800ab13   Thumb Code    50  dfs_file.o(.text)
    dfs_file_ioctl                           0x0800ab45   Thumb Code    46  dfs_file.o(.text)
    dfs_file_read                            0x0800ab73   Thumb Code    62  dfs_file.o(.text)
    dfs_file_write                           0x0800abb1   Thumb Code    42  dfs_file.o(.text)
    dfs_file_flush                           0x0800abdb   Thumb Code    34  dfs_file.o(.text)
    dfs_file_dupfd                           0x0800abfd   Thumb Code    74  dfs_file.o(.text)
    dfs_file_unlink                          0x0800ac47   Thumb Code     6  dfs_file.o(.text)
    open                                     0x0800ac4d   Thumb Code    96  dfs_posix.o(.text)
    close                                    0x0800acad   Thumb Code    68  dfs_posix.o(.text)
    read                                     0x0800acf1   Thumb Code    80  dfs_posix.o(.text)
    write                                    0x0800ad41   Thumb Code    80  dfs_posix.o(.text)
    unlink                                   0x0800ad91   Thumb Code    32  dfs_posix.o(.text)
    fsync                                    0x0800adb1   Thumb Code    46  dfs_posix.o(.text)
    ioctl                                    0x0800addf   Thumb Code    70  dfs_posix.o(.text)
    fcntl                                    0x0800ae25   Thumb Code    38  dfs_posix.o(.text)
    lseek                                    0x0800ae4b   Thumb Code     6  dfs_posix.o(.text)
    poll                                     0x0800afc3   Thumb Code    42  poll.o(.text)
    rt_device_find                           0x0800b051   Thumb Code    76  device.o(.text)
    rt_device_register                       0x0800b09d   Thumb Code    70  device.o(.text)
    rt_device_unregister                     0x0800b0e3   Thumb Code    26  device.o(.text)
    rt_device_init                           0x0800b0fd   Thumb Code    58  device.o(.text)
    rt_device_control                        0x0800b137   Thumb Code    42  device.o(.text)
    rt_ringbuffer_init                       0x0800b1ab   Thumb Code    76  ringbuffer.o(.text)
    rt_ringbuffer_data_len                   0x0800b1f7   Thumb Code    76  ringbuffer.o(.text)
    rt_ringbuffer_put                        0x0800b243   Thumb Code   180  ringbuffer.o(.text)
    rt_ringbuffer_put_force                  0x0800b2f7   Thumb Code   220  ringbuffer.o(.text)
    rt_ringbuffer_get                        0x0800b3d3   Thumb Code   178  ringbuffer.o(.text)
    rt_ringbuffer_putchar                    0x0800b485   Thumb Code   102  ringbuffer.o(.text)
    rt_ringbuffer_putchar_force              0x0800b4eb   Thumb Code   138  ringbuffer.o(.text)
    rt_ringbuffer_getchar                    0x0800b575   Thumb Code   158  ringbuffer.o(.text)
    rt_ringbuffer_reset                      0x0800b613   Thumb Code    56  ringbuffer.o(.text)
    rt_ringbuffer_create                     0x0800b64b   Thumb Code    70  ringbuffer.o(.text)
    rt_ringbuffer_destroy                    0x0800b691   Thumb Code    24  ringbuffer.o(.text)
    rt_wqueue_add                            0x0800b6b1   Thumb Code    36  waitqueue.o(.text)
    rt_wqueue_remove                         0x0800b6d5   Thumb Code    38  waitqueue.o(.text)
    __wqueue_default_wake                    0x0800b6fb   Thumb Code    18  waitqueue.o(.text)
    rt_wqueue_wakeup                         0x0800b70d   Thumb Code   100  waitqueue.o(.text)
    rt_wqueue_wait                           0x0800b771   Thumb Code   196  waitqueue.o(.text)
    rt_hw_serial_register                    0x0800bcef   Thumb Code    72  serial.o(.text)
    rt_hw_serial_isr                         0x0800bd37   Thumb Code   146  serial.o(.text)
    time                                     0x0800bded   Thumb Code    22  time.o(.text)
    gettimeofday                             0x0800be03   Thumb Code    36  time.o(.text)
    __aeabi_memcpy                           0x0800be27   Thumb Code    36  memcpya.o(.text)
    __aeabi_memcpy4                          0x0800be27   Thumb Code     0  memcpya.o(.text)
    __aeabi_memcpy8                          0x0800be27   Thumb Code     0  memcpya.o(.text)
    __aeabi_memset                           0x0800be4b   Thumb Code    14  memseta.o(.text)
    __aeabi_memset4                          0x0800be4b   Thumb Code     0  memseta.o(.text)
    __aeabi_memset8                          0x0800be4b   Thumb Code     0  memseta.o(.text)
    __aeabi_memclr                           0x0800be59   Thumb Code     4  memseta.o(.text)
    __aeabi_memclr4                          0x0800be59   Thumb Code     0  memseta.o(.text)
    __aeabi_memclr8                          0x0800be59   Thumb Code     0  memseta.o(.text)
    _memset$wrapper                          0x0800be5d   Thumb Code    18  memseta.o(.text)
    strcat                                   0x0800be6f   Thumb Code    24  strcat.o(.text)
    strncpy                                  0x0800be87   Thumb Code    24  strncpy.o(.text)
    strchr                                   0x0800be9f   Thumb Code    20  strchr.o(.text)
    strlen                                   0x0800beb3   Thumb Code    14  strlen.o(.text)
    strcmp                                   0x0800bec1   Thumb Code    28  strcmp.o(.text)
    strcpy                                   0x0800bedd   Thumb Code    18  strcpy.o(.text)
    strncmp                                  0x0800beef   Thumb Code    30  strncmp.o(.text)
    strtok                                   0x0800bf0d   Thumb Code    62  strtok.o(.text)
    strncasecmp                              0x0800bf51   Thumb Code    50  strncasecmp.o(.text)
    __aeabi_dmul                             0x0800bf83   Thumb Code   228  dmul.o(.text)
    __aeabi_ddiv                             0x0800c067   Thumb Code   222  ddiv.o(.text)
    __aeabi_i2d                              0x0800c145   Thumb Code    34  dflti.o(.text)
    __aeabi_d2iz                             0x0800c167   Thumb Code    62  dfixi.o(.text)
    __aeabi_uldivmod                         0x0800c1a5   Thumb Code    98  uldiv.o(.text)
    __aeabi_llsr                             0x0800c207   Thumb Code    32  llushr.o(.text)
    _ll_ushift_r                             0x0800c207   Thumb Code     0  llushr.o(.text)
    tolower                                  0x0800c227   Thumb Code    12  tolower.o(.text)
    __I$use$fp                               0x0800c233   Thumb Code     0  iusefp.o(.text)
    _double_round                            0x0800c233   Thumb Code    30  depilogue.o(.text)
    _double_epilogue                         0x0800c251   Thumb Code   156  depilogue.o(.text)
    __scatterload                            0x0800c2ed   Thumb Code    28  init.o(.text)
    __scatterload_rt2                        0x0800c2ed   Thumb Code     0  init.o(.text)
    __aeabi_llsl                             0x0800c311   Thumb Code    30  llshl.o(.text)
    _ll_shift_l                              0x0800c311   Thumb Code     0  llshl.o(.text)
    __decompress                             0x0800c32f   Thumb Code     0  __dczerorl2.o(.text)
    __decompress1                            0x0800c32f   Thumb Code    86  __dczerorl2.o(.text)
    __0sprintf$8                             0x0800c385   Thumb Code    34  printf8.o(i.__0sprintf$8)
    __1sprintf$8                             0x0800c385   Thumb Code     0  printf8.o(i.__0sprintf$8)
    __2sprintf                               0x0800c385   Thumb Code     0  printf8.o(i.__0sprintf$8)
    __scatterload_copy                       0x0800c3ad   Thumb Code    14  handlers.o(i.__scatterload_copy)
    __scatterload_null                       0x0800c3bb   Thumb Code     2  handlers.o(i.__scatterload_null)
    __scatterload_zeroinit                   0x0800c3bd   Thumb Code    14  handlers.o(i.__scatterload_zeroinit)
    __rt_init_rti_start                      0x0800d460   Data           4  components.o(.rti_fn.0)
    __rt_init_rti_board_start                0x0800d464   Data           4  components.o(.rti_fn.0.end)
    __rt_init_rt_hw_usart_init               0x0800d468   Data           4  usart.o(.rti_fn.1)
    __rt_init_rti_board_end                  0x0800d46c   Data           4  components.o(.rti_fn.1.end)
    __rt_init_dfs_init                       0x0800d470   Data           4  dfs.o(.rti_fn.2)
    __rt_init_relay_init                     0x0800d474   Data           4  relay.o(.rti_fn.3)
    __rt_init_swv_init                       0x0800d478   Data           4  relay.o(.rti_fn.3)
    __rt_init_net_io_init                    0x0800d47c   Data           4  net.o(.rti_fn.6)
    __rt_init_zaz_init                       0x0800d480   Data           4  zaz.o(.rti_fn.6)
    __rt_init_rti_end                        0x0800d484   Data           4  components.o(.rti_fn.6.end)
    Region$$Table$$Base                      0x0800d488   Number         0  anon$$obj.o(Region$$Table)
    Region$$Table$$Limit                     0x0800d4a8   Number         0  anon$$obj.o(Region$$Table)
    SystemCoreClock                          0x20000000   Data           4  system_stm32f10x.o(.data)
    AHBPrescTable                            0x20000004   Data          16  system_stm32f10x.o(.data)
    _fgservice                               0x20000028   Data           4  net.o(.data)
    zaz_datok                                0x2000002c   Data           4  zaz.o(.data)
    uart1                                    0x20000034   Data          28  usart.o(.data)
    uart2                                    0x20000050   Data          28  usart.o(.data)
    uart3                                    0x2000006c   Data          28  usart.o(.data)
    sock_pack_info                           0x2000009c   Data           8  socket.o(.data)
    WIZCHIP                                  0x200000a4   Data          40  wizchip_conf.o(.data)
    DHCP_SOCKET                              0x200000d4   Data           1  dhcp.o(.data)
    DHCP_SIP                                 0x200000d5   Data           4  dhcp.o(.data)
    OLD_allocated_ip                         0x200000d9   Data           4  dhcp.o(.data)
    DHCP_allocated_ip                        0x200000dd   Data           4  dhcp.o(.data)
    DHCP_allocated_gw                        0x200000e1   Data           4  dhcp.o(.data)
    DHCP_allocated_sn                        0x200000e5   Data           4  dhcp.o(.data)
    DHCP_allocated_dns                       0x200000e9   Data           4  dhcp.o(.data)
    dhcp_state                               0x200000ed   Data           1  dhcp.o(.data)
    dhcp_retry_count                         0x200000ee   Data           1  dhcp.o(.data)
    dhcp_lease_time                          0x200000f0   Data           4  dhcp.o(.data)
    dhcp_tick_1s                             0x200000f4   Data           4  dhcp.o(.data)
    dhcp_tick_next                           0x200000f8   Data           4  dhcp.o(.data)
    DHCP_XID                                 0x200000fc   Data           4  dhcp.o(.data)
    pDHCPMSG                                 0x20000100   Data           4  dhcp.o(.data)
    HOST_NAME                                0x20000104   Data           8  dhcp.o(.data)
    DHCP_CHADDR                              0x2000010c   Data           6  dhcp.o(.data)
    dhcp_ip_assign                           0x20000114   Data           4  dhcp.o(.data)
    dhcp_ip_update                           0x20000118   Data           4  dhcp.o(.data)
    dhcp_ip_conflict                         0x2000011c   Data           4  dhcp.o(.data)
    pDNSMSG                                  0x20000120   Data           4  dns.o(.data)
    DNS_SOCKET                               0x20000124   Data           1  dns.o(.data)
    DNS_MSGID                                0x20000126   Data           2  dns.o(.data)
    dns_1s_tick                              0x20000128   Data           4  dns.o(.data)
    rt_interrupt_nest                        0x2000013c   Data           1  irq.o(.data)
    rt_assert_hook                           0x20000144   Data           4  kservice.o(.data)
    rt_object_container                      0x20000160   Data         144  object.o(.data)
    rt_current_thread                        0x200001f4   Data           4  scheduler.o(.data)
    rt_current_priority                      0x200001f8   Data           1  scheduler.o(.data)
    rt_thread_ready_priority_group           0x200001fc   Data           4  scheduler.o(.data)
    rt_thread_defunct                        0x20000200   Data           8  scheduler.o(.data)
    rt_interrupt_from_thread                 0x20000214   Data           4  cpuport.o(.data)
    rt_interrupt_to_thread                   0x20000218   Data           4  cpuport.o(.data)
    rt_thread_switch_interrupt_flag          0x2000021c   Data           4  cpuport.o(.data)
    buffer                                   0x20000230   Data        1024  net.o(.bss)
    _chardat                                 0x20000654   Data         268  zaz.o(.bss)
    serial1                                  0x20000760   Data         152  usart.o(.bss)
    serial2                                  0x200007f8   Data         152  usart.o(.bss)
    serial3                                  0x20000890   Data         152  usart.o(.bss)
    rt_thread_priority_table                 0x20000f78   Data         256  scheduler.o(.bss)
    Image$$RW_IRAM1$$ZI$$Limit               0x200014a0   Number         0  anon$$obj.o ABSOLUTE
    __initial_sp                             0x200014a0   Data           0  startup_stm32f10x_md.o(STACK)



==============================================================================

Memory Map of the image

  Image Entry point : 0x080000ed

  Load Region LR_IROM1 (Base: 0x08000000, Size: 0x0000d6d8, Max: 0x00020000, ABSOLUTE, COMPRESSED[0x0000d570])

    Execution Region ER_IROM1 (Exec base: 0x08000000, Load base: 0x08000000, Size: 0x0000d4a8, Max: 0x00020000, ABSOLUTE)

    Exec Addr    Load Addr    Size         Type   Attr      Idx    E Section Name        Object

    0x08000000   0x08000000   0x000000ec   Data   RO          387    RESET               startup_stm32f10x_md.o
    0x080000ec   0x080000ec   0x00000000   Code   RO         1611  * .ARM.Collect$$$$00000000  mc_w.l(entry.o)
    0x080000ec   0x080000ec   0x00000004   Code   RO         1911    .ARM.Collect$$$$00000001  mc_w.l(entry2.o)
    0x080000f0   0x080000f0   0x00000004   Code   RO         1914    .ARM.Collect$$$$00000004  mc_w.l(entry5.o)
    0x080000f4   0x080000f4   0x00000000   Code   RO         1916    .ARM.Collect$$$$00000008  mc_w.l(entry7b.o)
    0x080000f4   0x080000f4   0x00000000   Code   RO         1918    .ARM.Collect$$$$0000000A  mc_w.l(entry8b.o)
    0x080000f4   0x080000f4   0x00000008   Code   RO         1919    .ARM.Collect$$$$0000000B  mc_w.l(entry9a.o)
    0x080000fc   0x080000fc   0x00000000   Code   RO         1921    .ARM.Collect$$$$0000000D  mc_w.l(entry10a.o)
    0x080000fc   0x080000fc   0x00000000   Code   RO         1923    .ARM.Collect$$$$0000000F  mc_w.l(entry11a.o)
    0x080000fc   0x080000fc   0x00000004   Code   RO         1912    .ARM.Collect$$$$00002712  mc_w.l(entry2.o)
    0x08000100   0x08000100   0x00000010   Code   RO         1186    .emb_text           cpuport.o
    0x08000110   0x08000110   0x00000110   Code   RO            1    .text               system_stm32f10x.o
    0x08000220   0x08000220   0x000003a4   Code   RO          119    .text               stm32f10x_rcc.o
    0x080005c4   0x080005c4   0x0000030c   Code   RO          265    .text               stm32f10x_spi.o
    0x080008d0   0x080008d0   0x000005bc   Code   RO          277    .text               stm32f10x_flash.o
    0x08000e8c   0x08000e8c   0x0000035c   Code   RO          301    .text               stm32f10x_gpio.o
    0x080011e8   0x080011e8   0x00000408   Code   RO          313    .text               stm32f10x_usart.o
    0x080015f0   0x080015f0   0x000000dc   Code   RO          373    .text               misc.o
    0x080016cc   0x080016cc   0x00000024   Code   RO          388    .text               startup_stm32f10x_md.o
    0x080016f0   0x080016f0   0x00000038   Code   RO          403    .text               application.o
    0x08001728   0x08001728   0x000005b4   Code   RO          476    .text               atcmd.o
    0x08001cdc   0x08001cdc   0x00000430   Code   RO          519    .text               net.o
    0x0800210c   0x0800210c   0x000001dc   Code   RO          565    .text               proto.o
    0x080022e8   0x080022e8   0x0000014c   Code   RO          577    .text               relay.o
    0x08002434   0x08002434   0x00000048   Code   RO          592    .text               startup.o
    0x0800247c   0x0800247c   0x000003cc   Code   RO          611    .text               wkparm.o
    0x08002848   0x08002848   0x000004cc   Code   RO          634    .text               zaz.o
    0x08002d14   0x08002d14   0x00000088   Code   RO          700    .text               board.o
    0x08002d9c   0x08002d9c   0x00000016   Code   RO          719    .text               stm32f10x_it.o
    0x08002db2   0x08002db2   0x00000002   PAD
    0x08002db4   0x08002db4   0x00000080   Code   RO          737    .text               led.o
    0x08002e34   0x08002e34   0x0000040c   Code   RO          749    .text               usart.o
    0x08003240   0x08003240   0x000001b4   Code   RO          771    .text               spihandler.o
    0x080033f4   0x080033f4   0x00000094   Code   RO          783    .text               easyflash.o
    0x08003488   0x08003488   0x00000918   Code   RO          796    .text               ef_env.o
    0x08003da0   0x08003da0   0x0000002c   Code   RO          821    .text               ef_utils.o
    0x08003dcc   0x08003dcc   0x00000268   Code   RO          835    .text               ef_port.o
    0x08004034   0x08004034   0x00001024   Code   RO          860    .text               socket.o
    0x08005058   0x08005058   0x000006bc   Code   RO          876    .text               wizchip_conf.o
    0x08005714   0x08005714   0x0000043a   Code   RO          894    .text               w5500.o
    0x08005b4e   0x08005b4e   0x00000002   PAD
    0x08005b50   0x08005b50   0x00000ff8   Code   RO          909    .text               dhcp.o
    0x08006b48   0x08006b48   0x000004dc   Code   RO          924    .text               dns.o
    0x08007024   0x08007024   0x00000188   Code   RO          942    .text               sockutil.o
    0x080071ac   0x080071ac   0x000001d8   Code   RO          961    .text               clock.o
    0x08007384   0x08007384   0x00000044   Code   RO          976    .text               components.o
    0x080073c8   0x080073c8   0x000000f4   Code   RO          994    .text               idle.o
    0x080074bc   0x080074bc   0x00001390   Code   RO         1013    .text               ipc.o
    0x0800884c   0x0800884c   0x00000048   Code   RO         1029    .text               irq.o
    0x08008894   0x08008894   0x0000088c   Code   RO         1044    .text               kservice.o
    0x08009120   0x08009120   0x0000073c   Code   RO         1063    .text               mem.o
    0x0800985c   0x0800985c   0x0000022c   Code   RO         1096    .text               object.o
    0x08009a88   0x08009a88   0x0000026c   Code   RO         1115    .text               scheduler.o
    0x08009cf4   0x08009cf4   0x00000610   Code   RO         1151    .text               thread.o
    0x0800a304   0x0800a304   0x00000414   Code   RO         1168    .text               timer.o
    0x0800a718   0x0800a718   0x0000008c   Code   RO         1187    .text               cpuport.o
    0x0800a7a4   0x0800a7a4   0x000000f0   Code   RO         1206    .text               context_rvds.o
    0x0800a894   0x0800a894   0x000001f4   Code   RO         1244    .text               dfs.o
    0x0800aa88   0x0800aa88   0x000001c4   Code   RO         1302    .text               dfs_file.o
    0x0800ac4c   0x0800ac4c   0x00000204   Code   RO         1336    .text               dfs_posix.o
    0x0800ae50   0x0800ae50   0x00000200   Code   RO         1355    .text               poll.o
    0x0800b050   0x0800b050   0x00000130   Code   RO         1439    .text               device.o
    0x0800b180   0x0800b180   0x00000530   Code   RO         1453    .text               ringbuffer.o
    0x0800b6b0   0x0800b6b0   0x00000190   Code   RO         1466    .text               waitqueue.o
    0x0800b840   0x0800b840   0x000005ac   Code   RO         1496    .text               serial.o
    0x0800bdec   0x0800bdec   0x0000003a   Code   RO         1599    .text               time.o
    0x0800be26   0x0800be26   0x00000024   Code   RO         1614    .text               mc_w.l(memcpya.o)
    0x0800be4a   0x0800be4a   0x00000024   Code   RO         1616    .text               mc_w.l(memseta.o)
    0x0800be6e   0x0800be6e   0x00000018   Code   RO         1618    .text               mc_w.l(strcat.o)
    0x0800be86   0x0800be86   0x00000018   Code   RO         1620    .text               mc_w.l(strncpy.o)
    0x0800be9e   0x0800be9e   0x00000014   Code   RO         1622    .text               mc_w.l(strchr.o)
    0x0800beb2   0x0800beb2   0x0000000e   Code   RO         1624    .text               mc_w.l(strlen.o)
    0x0800bec0   0x0800bec0   0x0000001c   Code   RO         1626    .text               mc_w.l(strcmp.o)
    0x0800bedc   0x0800bedc   0x00000012   Code   RO         1628    .text               mc_w.l(strcpy.o)
    0x0800beee   0x0800beee   0x0000001e   Code   RO         1630    .text               mc_w.l(strncmp.o)
    0x0800bf0c   0x0800bf0c   0x00000044   Code   RO         1632    .text               mc_w.l(strtok.o)
    0x0800bf50   0x0800bf50   0x00000032   Code   RO         1640    .text               mc_w.l(strncasecmp.o)
    0x0800bf82   0x0800bf82   0x000000e4   Code   RO         1903    .text               mf_w.l(dmul.o)
    0x0800c066   0x0800c066   0x000000de   Code   RO         1905    .text               mf_w.l(ddiv.o)
    0x0800c144   0x0800c144   0x00000022   Code   RO         1907    .text               mf_w.l(dflti.o)
    0x0800c166   0x0800c166   0x0000003e   Code   RO         1909    .text               mf_w.l(dfixi.o)
    0x0800c1a4   0x0800c1a4   0x00000062   Code   RO         1928    .text               mc_w.l(uldiv.o)
    0x0800c206   0x0800c206   0x00000020   Code   RO         1930    .text               mc_w.l(llushr.o)
    0x0800c226   0x0800c226   0x0000000c   Code   RO         1932    .text               mc_w.l(tolower.o)
    0x0800c232   0x0800c232   0x00000000   Code   RO         1934    .text               mc_w.l(iusefp.o)
    0x0800c232   0x0800c232   0x000000ba   Code   RO         1935    .text               mf_w.l(depilogue.o)
    0x0800c2ec   0x0800c2ec   0x00000024   Code   RO         1943    .text               mc_w.l(init.o)
    0x0800c310   0x0800c310   0x0000001e   Code   RO         1945    .text               mc_w.l(llshl.o)
    0x0800c32e   0x0800c32e   0x00000056   Code   RO         1957    .text               mc_w.l(__dczerorl2.o)
    0x0800c384   0x0800c384   0x00000028   Code   RO         1851    i.__0sprintf$8      mc_w.l(printf8.o)
    0x0800c3ac   0x0800c3ac   0x0000000e   Code   RO         1951    i.__scatterload_copy  mc_w.l(handlers.o)
    0x0800c3ba   0x0800c3ba   0x00000002   Code   RO         1952    i.__scatterload_null  mc_w.l(handlers.o)
    0x0800c3bc   0x0800c3bc   0x0000000e   Code   RO         1953    i.__scatterload_zeroinit  mc_w.l(handlers.o)
    0x0800c3ca   0x0800c3ca   0x00000002   PAD
    0x0800c3cc   0x0800c3cc   0x00000410   Code   RO         1856    i._printf_core      mc_w.l(printf8.o)
    0x0800c7dc   0x0800c7dc   0x00000024   Code   RO         1857    i._printf_post_padding  mc_w.l(printf8.o)
    0x0800c800   0x0800c800   0x0000002e   Code   RO         1858    i._printf_pre_padding  mc_w.l(printf8.o)
    0x0800c82e   0x0800c82e   0x0000000a   Code   RO         1860    i._sputc            mc_w.l(printf8.o)
    0x0800c838   0x0800c838   0x0000000e   Data   RO          612    .constdata          wkparm.o
    0x0800c846   0x0800c846   0x00000002   PAD
    0x0800c848   0x0800c848   0x00000045   Data   RO          751    .constdata          usart.o
    0x0800c88d   0x0800c88d   0x00000032   Data   RO          798    .constdata          ef_env.o
    0x0800c8bf   0x0800c8bf   0x00000001   PAD
    0x0800c8c0   0x0800c8c0   0x00000400   Data   RO          822    .constdata          ef_utils.o
    0x0800ccc0   0x0800ccc0   0x00000051   Data   RO          837    .constdata          ef_port.o
    0x0800cd11   0x0800cd11   0x0000001c   Data   RO          962    .constdata          clock.o
    0x0800cd2d   0x0800cd2d   0x00000016   Data   RO          996    .constdata          idle.o
    0x0800cd43   0x0800cd43   0x000001d7   Data   RO         1014    .constdata          ipc.o
    0x0800cf1a   0x0800cf1a   0x00000022   Data   RO         1045    .constdata          kservice.o
    0x0800cf3c   0x0800cf3c   0x00000046   Data   RO         1065    .constdata          mem.o
    0x0800cf82   0x0800cf82   0x0000005e   Data   RO         1097    .constdata          object.o
    0x0800cfe0   0x0800cfe0   0x0000004e   Data   RO         1117    .constdata          scheduler.o
    0x0800d02e   0x0800d02e   0x000000aa   Data   RO         1152    .constdata          thread.o
    0x0800d0d8   0x0800d0d8   0x0000005c   Data   RO         1169    .constdata          timer.o
    0x0800d134   0x0800d134   0x00000013   Data   RO         1188    .constdata          cpuport.o
    0x0800d147   0x0800d147   0x00000010   Data   RO         1246    .constdata          dfs.o
    0x0800d157   0x0800d157   0x00000036   Data   RO         1440    .constdata          device.o
    0x0800d18d   0x0800d18d   0x000000c0   Data   RO         1454    .constdata          ringbuffer.o
    0x0800d24d   0x0800d24d   0x0000000f   Data   RO         1467    .constdata          waitqueue.o
    0x0800d25c   0x0800d25c   0x0000006e   Data   RO         1497    .constdata          serial.o
    0x0800d2ca   0x0800d2ca   0x00000002   PAD
    0x0800d2cc   0x0800d2cc   0x00000049   Data   RO          784    .conststring        easyflash.o
    0x0800d315   0x0800d315   0x00000003   PAD
    0x0800d318   0x0800d318   0x00000057   Data   RO          838    .conststring        ef_port.o
    0x0800d36f   0x0800d36f   0x00000001   PAD
    0x0800d370   0x0800d370   0x000000ed   Data   RO         1066    .conststring        mem.o
    0x0800d45d   0x0800d45d   0x00000003   PAD
    0x0800d460   0x0800d460   0x00000004   Data   RO          977    .rti_fn.0           components.o
    0x0800d464   0x0800d464   0x00000004   Data   RO          978    .rti_fn.0.end       components.o
    0x0800d468   0x0800d468   0x00000004   Data   RO          753    .rti_fn.1           usart.o
    0x0800d46c   0x0800d46c   0x00000004   Data   RO          979    .rti_fn.1.end       components.o
    0x0800d470   0x0800d470   0x00000004   Data   RO         1248    .rti_fn.2           dfs.o
    0x0800d474   0x0800d474   0x00000008   Data   RO          578    .rti_fn.3           relay.o
    0x0800d47c   0x0800d47c   0x00000004   Data   RO          522    .rti_fn.6           net.o
    0x0800d480   0x0800d480   0x00000004   Data   RO          637    .rti_fn.6           zaz.o
    0x0800d484   0x0800d484   0x00000004   Data   RO          980    .rti_fn.6.end       components.o
    0x0800d488   0x0800d488   0x00000020   Data   RO         1949    Region$$Table       anon$$obj.o


    Execution Region RW_IRAM1 (Exec base: 0x20000000, Load base: 0x0800d4a8, Size: 0x000014a0, Max: 0x00005000, ABSOLUTE, COMPRESSED[0x000000c8])

    Exec Addr    Load Addr    Size         Type   Attr      Idx    E Section Name        Object

    0x20000000   COMPRESSED   0x00000014   Data   RW            2    .data               system_stm32f10x.o
    0x20000014   COMPRESSED   0x00000014   Data   RW          120    .data               stm32f10x_rcc.o
    0x20000028   COMPRESSED   0x00000004   Data   RW          521    .data               net.o
    0x2000002c   COMPRESSED   0x00000008   Data   RW          636    .data               zaz.o
    0x20000034   COMPRESSED   0x00000054   Data   RW          752    .data               usart.o
    0x20000088   COMPRESSED   0x0000000e   Data   RW          799    .data               ef_env.o
    0x20000096   COMPRESSED   0x0000000e   Data   RW          862    .data               socket.o
    0x200000a4   COMPRESSED   0x0000002d   Data   RW          877    .data               wizchip_conf.o
    0x200000d1   COMPRESSED   0x00000003   PAD
    0x200000d4   COMPRESSED   0x0000004c   Data   RW          910    .data               dhcp.o
    0x20000120   COMPRESSED   0x0000000d   Data   RW          925    .data               dns.o
    0x2000012d   COMPRESSED   0x00000003   PAD
    0x20000130   COMPRESSED   0x0000000c   Data   RW          963    .data               clock.o
    0x2000013c   COMPRESSED   0x00000001   Data   RW         1030    .data               irq.o
    0x2000013d   COMPRESSED   0x00000003   PAD
    0x20000140   COMPRESSED   0x00000008   Data   RW         1046    .data               kservice.o
    0x20000148   COMPRESSED   0x00000018   Data   RW         1067    .data               mem.o
    0x20000160   COMPRESSED   0x00000090   Data   RW         1098    .data               object.o
    0x200001f0   COMPRESSED   0x00000018   Data   RW         1118    .data               scheduler.o
    0x20000208   COMPRESSED   0x0000000c   Data   RW         1170    .data               timer.o
    0x20000214   COMPRESSED   0x00000010   Data   RW         1189    .data               cpuport.o
    0x20000224   COMPRESSED   0x00000008   Data   RW         1247    .data               dfs.o
    0x2000022c   COMPRESSED   0x00000004   Data   RW         1633    .data               mc_w.l(strtok.o)
    0x20000230        -       0x00000424   Zero   RW          520    .bss                net.o
    0x20000654        -       0x0000010c   Zero   RW          635    .bss                zaz.o
    0x20000760        -       0x000001c8   Zero   RW          750    .bss                usart.o
    0x20000928        -       0x00000400   Zero   RW          797    .bss                ef_env.o
    0x20000d28        -       0x000000a0   Zero   RW          836    .bss                ef_port.o
    0x20000dc8        -       0x00000010   Zero   RW          861    .bss                socket.o
    0x20000dd8        -       0x00000180   Zero   RW          995    .bss                idle.o
    0x20000f58        -       0x00000020   Zero   RW         1064    .bss                mem.o
    0x20000f78        -       0x00000100   Zero   RW         1116    .bss                scheduler.o
    0x20001078        -       0x00000024   Zero   RW         1245    .bss                dfs.o
    0x2000109c   COMPRESSED   0x00000004   PAD
    0x200010a0        -       0x00000400   Zero   RW          385    STACK               startup_stm32f10x_md.o


==============================================================================

Image component sizes


      Code (inc. data)   RO Data    RW Data    ZI Data      Debug   Object Name

        56          8          0          0          0      10607   application.o
      1460        482          0          0          0       6677   atcmd.o
       136         12          0          0          0      16041   board.o
       472         46         28         12          0       3294   clock.o
        68         12         16          0          0       1828   components.o
       240         26          0          0          0        772   context_rvds.o
       156         16         19         16          0       3507   cpuport.o
       304         32         54          0          0       2608   device.o
       500         42         20          8         36       9457   dfs.o
       452          0          0          0          0       7305   dfs_file.o
       516          0          0          0          0       4059   dfs_posix.o
      4088        218          0         76          0       9429   dhcp.o
      1244         38          0         13          0       6174   dns.o
       148         88         73          0          0        845   easyflash.o
      2328        822         50         14       1024       7023   ef_env.o
       616        176        168          0        160       3470   ef_port.o
        44          4       1024          0          0       1088   ef_utils.o
       244         32         22          0        384       4066   idle.o
      5008        262        471          0          0      20883   ipc.o
        72          6          0          1          0       1362   irq.o
      2188         26         34          8          0      11006   kservice.o
       128         10          0          0          0        812   led.o
      1852        380        307         24         32       4572   mem.o
       220         22          0          0          0       1857   misc.o
      1072         90          4          4       1060      21164   net.o
       556         92         94        144          0       5757   object.o
       512         10          0          0          0       9111   poll.o
       476          0          0          0          0       3106   proto.o
       332         10          8          0          0       2024   relay.o
      1328         64        192          0          0       4847   ringbuffer.o
       620         60         78         24        256       5688   scheduler.o
      1452         46        110          0          0      12617   serial.o
      4132         84          0         14         16       7288   socket.o
       392          6          0          0          0       2640   sockutil.o
       436         18          0          0          0       1952   spihandler.o
        72         10          0          0          0       1179   startup.o
        36          8        236          0       1024        908   startup_stm32f10x_md.o
      1468         34          0          0          0       8262   stm32f10x_flash.o
       860         38          0          0          0       5789   stm32f10x_gpio.o
        22          0          0          0          0       1122   stm32f10x_it.o
       932         36          0         20          0       8964   stm32f10x_rcc.o
       780         14          0          0          0       6670   stm32f10x_spi.o
      1032         22          0          0          0       8516   stm32f10x_usart.o
       272         26          0         20          0     246459   system_stm32f10x.o
      1552        252        170          0          0       9038   thread.o
        58          0          0          0          0       1300   time.o
      1044         88         92         12          0       7593   timer.o
      1036        118         73         84        456      20103   usart.o
      1082          6          0          0          0       3642   w5500.o
       400         12         15          0          0       3215   waitqueue.o
      1724         40          0         45          0      11783   wizchip_conf.o
       972        210         14          0          0       3068   wkparm.o
      1228         44          4          8        268      11688   zaz.o

    ----------------------------------------------------------------------
     48422       4198       3420        556       4720     574235   Object Totals
         0          0         32          0          0          0   (incl. Generated)
         4          0         12          9          4          0   (incl. Padding)

    ----------------------------------------------------------------------

      Code (inc. data)   RO Data    RW Data    ZI Data      Debug   Library Member Name

        86          0          0          0          0          0   __dczerorl2.o
         0          0          0          0          0          0   entry.o
         0          0          0          0          0          0   entry10a.o
         0          0          0          0          0          0   entry11a.o
         8          4          0          0          0          0   entry2.o
         4          0          0          0          0          0   entry5.o
         0          0          0          0          0          0   entry7b.o
         0          0          0          0          0          0   entry8b.o
         8          4          0          0          0          0   entry9a.o
        30          0          0          0          0          0   handlers.o
        36          8          0          0          0         68   init.o
         0          0          0          0          0          0   iusefp.o
        30          0          0          0          0         68   llshl.o
        32          0          0          0          0         68   llushr.o
        36          0          0          0          0         68   memcpya.o
        36          0          0          0          0        108   memseta.o
      1172         50          0          0          0        420   printf8.o
        24          0          0          0          0         68   strcat.o
        20          0          0          0          0         68   strchr.o
        28          0          0          0          0         76   strcmp.o
        18          0          0          0          0         68   strcpy.o
        14          0          0          0          0         68   strlen.o
        50          0          0          0          0         84   strncasecmp.o
        30          0          0          0          0         80   strncmp.o
        24          0          0          0          0         76   strncpy.o
        68          6          0          4          0         80   strtok.o
        12          0          0          0          0         68   tolower.o
        98          0          0          0          0         92   uldiv.o
       222          0          0          0          0        100   ddiv.o
       186          0          0          0          0        176   depilogue.o
        62          0          0          0          0         80   dfixi.o
        34          0          0          0          0         76   dflti.o
       228          0          0          0          0         96   dmul.o

    ----------------------------------------------------------------------
      2598         72          0          4          0       2156   Library Totals
         2          0          0          0          0          0   (incl. Padding)

    ----------------------------------------------------------------------

      Code (inc. data)   RO Data    RW Data    ZI Data      Debug   Library Name

      1864         72          0          4          0       1628   mc_w.l
       732          0          0          0          0        528   mf_w.l

    ----------------------------------------------------------------------
      2598         72          0          4          0       2156   Library Totals

    ----------------------------------------------------------------------

==============================================================================


      Code (inc. data)   RO Data    RW Data    ZI Data      Debug   

     51020       4270       3420        560       4720     570799   Grand Totals
     51020       4270       3420        200       4720     570799   ELF Image Totals (compressed)
     51020       4270       3420        200          0          0   ROM Totals

==============================================================================

    Total RO  Size (Code + RO Data)                54440 (  53.16kB)
    Total RW  Size (RW Data + ZI Data)              5280 (   5.16kB)
    Total ROM Size (Code + RO Data + RW Data)      54640 (  53.36kB)

==============================================================================

